Component: ARM Compiler 6.14 Tool: armlink [5db06800]

==============================================================================

Section Cross References

    main.o(.text.main) refers to main.o(.text.UART_INIT) for UART_INIT
    main.o(.text.main) refers to gpio_driver.o(.text.HAL_BORAD_BUTTON) for HAL_BORAD_BUTTON
    main.o(.text.main) refers to led.o(.text.board_led_init) for board_led_init
    main.o(.text.main) refers to hal_crc_driver.o(.text.HAL_CRC_INIT) for HAL_CRC_INIT
    main.o(.text.main) refers to gpio_driver.o(.text.HAL_GPIO_read_pin_value) for HAL_GPIO_read_pin_value
    main.o(.text.main) refers to hal_uart_driver.o(.text.HAL_USART_Send_String) for HAL_USART_Send_String
    main.o(.text.main) refers to main.o(.text.bootloader_jump_to_user_app) for bootloader_jump_to_user_app
    main.o(.text.main) refers to main.o(.text.bootloader_uart_read_data) for bootloader_uart_read_data
    main.o(.ARM.exidx.text.main) refers to main.o(.text.main) for [Anonymous Symbol]
    main.o(.text.UART_INIT) refers to main.o(.bss.uart) for uart
    main.o(.text.UART_INIT) refers to hal_uart_driver.o(.text.HAL_USART_INIT) for HAL_USART_INIT
    main.o(.ARM.exidx.text.UART_INIT) refers to main.o(.text.UART_INIT) for [Anonymous Symbol]
    main.o(.text.bootloader_uart_read_data) refers to main.o(.bss.BL_RX_BUFFER) for BL_RX_BUFFER
    main.o(.text.bootloader_uart_read_data) refers to memseta.o(.text) for __aeabi_memclr4
    main.o(.text.bootloader_uart_read_data) refers to hal_uart_driver.o(.text.HAL_USART_RECIEVE) for HAL_USART_RECIEVE
    main.o(.text.bootloader_uart_read_data) refers to main.o(.text.bootloader_handle_read_sector_cmd) for bootloader_handle_read_sector_cmd
    main.o(.text.bootloader_uart_read_data) refers to main.o(.text.bootloader_handle_getver_cmd) for bootloader_handle_getver_cmd
    main.o(.text.bootloader_uart_read_data) refers to hal_uart_driver.o(.text.HAL_USART_Send_String) for HAL_USART_Send_String
    main.o(.text.bootloader_uart_read_data) refers to main.o(.text.bootloader_handle_gethelp_cmd) for bootloader_handle_gethelp_cmd
    main.o(.text.bootloader_uart_read_data) refers to main.o(.text.bootloader_handle_getcid_cmd) for bootloader_handle_getcid_cmd
    main.o(.text.bootloader_uart_read_data) refers to main.o(.text.bootloader_handle_getrdp_cmd) for bootloader_handle_getrdp_cmd
    main.o(.text.bootloader_uart_read_data) refers to main.o(.text.bootloader_handle_go_cmd) for bootloader_handle_go_cmd
    main.o(.text.bootloader_uart_read_data) refers to main.o(.text.bootloader_handle_flash_erase_cmd) for bootloader_handle_flash_erase_cmd
    main.o(.text.bootloader_uart_read_data) refers to main.o(.text.bootloader_handle_mem_write_cmd) for bootloader_handle_mem_write_cmd
    main.o(.text.bootloader_uart_read_data) refers to main.o(.text.bootloader_handle_rw_protect_cmd) for bootloader_handle_rw_protect_cmd
    main.o(.text.bootloader_uart_read_data) refers to main.o(.text.bootloader_handle_dis_rw_protect_cmd) for bootloader_handle_dis_rw_protect_cmd
    main.o(.ARM.exidx.text.bootloader_uart_read_data) refers to main.o(.text.bootloader_uart_read_data) for [Anonymous Symbol]
    main.o(.text.bootloader_jump_to_user_app) refers to hal_uart_driver.o(.text.HAL_USART_Send_String) for HAL_USART_Send_String
    main.o(.ARM.exidx.text.bootloader_jump_to_user_app) refers to main.o(.text.bootloader_jump_to_user_app) for [Anonymous Symbol]
    main.o(.text.bootloader_handle_getver_cmd) refers to hal_uart_driver.o(.text.HAL_USART_Send_String) for HAL_USART_Send_String
    main.o(.text.bootloader_handle_getver_cmd) refers to main.o(.text.bootloader_verify_crc) for bootloader_verify_crc
    main.o(.text.bootloader_handle_getver_cmd) refers to main.o(.rodata.str1.1) for .L.str.7
    main.o(.text.bootloader_handle_getver_cmd) refers to main.o(.text.bootloader_send_nack) for bootloader_send_nack
    main.o(.text.bootloader_handle_getver_cmd) refers to hal_crc_driver.o(.text.CRC_DR_RESET) for CRC_DR_RESET
    main.o(.text.bootloader_handle_getver_cmd) refers to main.o(.text.bootloader_send_ack) for bootloader_send_ack
    main.o(.text.bootloader_handle_getver_cmd) refers to hal_uart_driver.o(.text.HAL_USART_SEND) for HAL_USART_SEND
    main.o(.ARM.exidx.text.bootloader_handle_getver_cmd) refers to main.o(.text.bootloader_handle_getver_cmd) for [Anonymous Symbol]
    main.o(.text.bootloader_handle_gethelp_cmd) refers to main.o(.rodata.str1.1) for .L.str.8
    main.o(.text.bootloader_handle_gethelp_cmd) refers to hal_uart_driver.o(.text.HAL_USART_Send_String) for HAL_USART_Send_String
    main.o(.text.bootloader_handle_gethelp_cmd) refers to main.o(.text.bootloader_verify_crc) for bootloader_verify_crc
    main.o(.text.bootloader_handle_gethelp_cmd) refers to main.o(.text.bootloader_send_nack) for bootloader_send_nack
    main.o(.text.bootloader_handle_gethelp_cmd) refers to hal_crc_driver.o(.text.CRC_DR_RESET) for CRC_DR_RESET
    main.o(.text.bootloader_handle_gethelp_cmd) refers to main.o(.text.bootloader_send_ack) for bootloader_send_ack
    main.o(.text.bootloader_handle_gethelp_cmd) refers to main.o(.data.supported_command) for supported_command
    main.o(.text.bootloader_handle_gethelp_cmd) refers to main.o(.text.bootloader_uart_write_data) for bootloader_uart_write_data
    main.o(.ARM.exidx.text.bootloader_handle_gethelp_cmd) refers to main.o(.text.bootloader_handle_gethelp_cmd) for [Anonymous Symbol]
    main.o(.text.bootloader_handle_getcid_cmd) refers to main.o(.rodata.str1.1) for .L.str.8
    main.o(.text.bootloader_handle_getcid_cmd) refers to hal_uart_driver.o(.text.HAL_USART_Send_String) for HAL_USART_Send_String
    main.o(.text.bootloader_handle_getcid_cmd) refers to main.o(.text.bootloader_verify_crc) for bootloader_verify_crc
    main.o(.text.bootloader_handle_getcid_cmd) refers to main.o(.text.bootloader_send_nack) for bootloader_send_nack
    main.o(.text.bootloader_handle_getcid_cmd) refers to main.o(.text.bootloader_send_ack) for bootloader_send_ack
    main.o(.text.bootloader_handle_getcid_cmd) refers to main.o(.text.bootloader_get_mcu_id) for bootloader_get_mcu_id
    main.o(.text.bootloader_handle_getcid_cmd) refers to main.o(.text.bootloader_uart_write_data) for bootloader_uart_write_data
    main.o(.text.bootloader_handle_getcid_cmd) refers to hal_crc_driver.o(.text.CRC_DR_RESET) for CRC_DR_RESET
    main.o(.ARM.exidx.text.bootloader_handle_getcid_cmd) refers to main.o(.text.bootloader_handle_getcid_cmd) for [Anonymous Symbol]
    main.o(.text.bootloader_handle_getrdp_cmd) refers to main.o(.rodata.str1.1) for .L.str.9
    main.o(.text.bootloader_handle_getrdp_cmd) refers to hal_uart_driver.o(.text.HAL_USART_Send_String) for HAL_USART_Send_String
    main.o(.text.bootloader_handle_getrdp_cmd) refers to main.o(.text.bootloader_verify_crc) for bootloader_verify_crc
    main.o(.text.bootloader_handle_getrdp_cmd) refers to main.o(.text.bootloader_send_nack) for bootloader_send_nack
    main.o(.text.bootloader_handle_getrdp_cmd) refers to main.o(.text.bootloader_send_ack) for bootloader_send_ack
    main.o(.text.bootloader_handle_getrdp_cmd) refers to main.o(.text.bootloader_get_flash_rdp_level) for bootloader_get_flash_rdp_level
    main.o(.text.bootloader_handle_getrdp_cmd) refers to main.o(.text.bootloader_uart_write_data) for bootloader_uart_write_data
    main.o(.text.bootloader_handle_getrdp_cmd) refers to hal_crc_driver.o(.text.CRC_DR_RESET) for CRC_DR_RESET
    main.o(.ARM.exidx.text.bootloader_handle_getrdp_cmd) refers to main.o(.text.bootloader_handle_getrdp_cmd) for [Anonymous Symbol]
    main.o(.text.bootloader_handle_go_cmd) refers to main.o(.rodata.str1.1) for .L.str.9
    main.o(.text.bootloader_handle_go_cmd) refers to hal_uart_driver.o(.text.HAL_USART_Send_String) for HAL_USART_Send_String
    main.o(.text.bootloader_handle_go_cmd) refers to main.o(.text.bootloader_verify_crc) for bootloader_verify_crc
    main.o(.text.bootloader_handle_go_cmd) refers to main.o(.text.bootloader_send_nack) for bootloader_send_nack
    main.o(.text.bootloader_handle_go_cmd) refers to main.o(.text.bootloader_send_ack) for bootloader_send_ack
    main.o(.text.bootloader_handle_go_cmd) refers to main.o(.text.check_addr_validation) for check_addr_validation
    main.o(.text.bootloader_handle_go_cmd) refers to main.o(.text.bootloader_uart_write_data) for bootloader_uart_write_data
    main.o(.text.bootloader_handle_go_cmd) refers to hal_crc_driver.o(.text.CRC_DR_RESET) for CRC_DR_RESET
    main.o(.ARM.exidx.text.bootloader_handle_go_cmd) refers to main.o(.text.bootloader_handle_go_cmd) for [Anonymous Symbol]
    main.o(.text.bootloader_handle_flash_erase_cmd) refers to main.o(.rodata.str1.1) for .L.str.11
    main.o(.text.bootloader_handle_flash_erase_cmd) refers to hal_uart_driver.o(.text.HAL_USART_Send_String) for HAL_USART_Send_String
    main.o(.text.bootloader_handle_flash_erase_cmd) refers to main.o(.text.bootloader_verify_crc) for bootloader_verify_crc
    main.o(.text.bootloader_handle_flash_erase_cmd) refers to main.o(.text.bootloader_send_nack) for bootloader_send_nack
    main.o(.text.bootloader_handle_flash_erase_cmd) refers to main.o(.text.bootloader_send_ack) for bootloader_send_ack
    main.o(.text.bootloader_handle_flash_erase_cmd) refers to main.o(.text.FLASH_EARSE) for FLASH_EARSE
    main.o(.text.bootloader_handle_flash_erase_cmd) refers to main.o(.text.bootloader_uart_write_data) for bootloader_uart_write_data
    main.o(.text.bootloader_handle_flash_erase_cmd) refers to hal_crc_driver.o(.text.CRC_DR_RESET) for CRC_DR_RESET
    main.o(.ARM.exidx.text.bootloader_handle_flash_erase_cmd) refers to main.o(.text.bootloader_handle_flash_erase_cmd) for [Anonymous Symbol]
    main.o(.text.bootloader_handle_mem_write_cmd) refers to main.o(.rodata.str1.1) for .L.str.11
    main.o(.text.bootloader_handle_mem_write_cmd) refers to hal_uart_driver.o(.text.HAL_USART_Send_String) for HAL_USART_Send_String
    main.o(.text.bootloader_handle_mem_write_cmd) refers to main.o(.text.bootloader_send_ack) for bootloader_send_ack
    main.o(.text.bootloader_handle_mem_write_cmd) refers to main.o(.bss.bin_buffer) for bin_buffer
    main.o(.text.bootloader_handle_mem_write_cmd) refers to hal_uart_driver.o(.text.HAL_USART_RECIEVE) for HAL_USART_RECIEVE
    main.o(.text.bootloader_handle_mem_write_cmd) refers to main.o(.text.check_addr_validation) for check_addr_validation
    main.o(.text.bootloader_handle_mem_write_cmd) refers to main.o(.text.bootloader_uart_write_data) for bootloader_uart_write_data
    main.o(.text.bootloader_handle_mem_write_cmd) refers to main.o(.text.mem_write) for mem_write
    main.o(.text.bootloader_handle_mem_write_cmd) refers to hal_crc_driver.o(.text.CRC_DR_RESET) for CRC_DR_RESET
    main.o(.ARM.exidx.text.bootloader_handle_mem_write_cmd) refers to main.o(.text.bootloader_handle_mem_write_cmd) for [Anonymous Symbol]
    main.o(.text.bootloader_handle_rw_protect_cmd) refers to main.o(.rodata.str1.1) for .L.str.11
    main.o(.text.bootloader_handle_rw_protect_cmd) refers to hal_uart_driver.o(.text.HAL_USART_Send_String) for HAL_USART_Send_String
    main.o(.text.bootloader_handle_rw_protect_cmd) refers to main.o(.text.bootloader_verify_crc) for bootloader_verify_crc
    main.o(.text.bootloader_handle_rw_protect_cmd) refers to main.o(.text.bootloader_send_nack) for bootloader_send_nack
    main.o(.text.bootloader_handle_rw_protect_cmd) refers to main.o(.text.bootloader_send_ack) for bootloader_send_ack
    main.o(.text.bootloader_handle_rw_protect_cmd) refers to main.o(.text.FLASH_RW_PROTECTION) for FLASH_RW_PROTECTION
    main.o(.text.bootloader_handle_rw_protect_cmd) refers to main.o(.text.bootloader_uart_write_data) for bootloader_uart_write_data
    main.o(.text.bootloader_handle_rw_protect_cmd) refers to hal_crc_driver.o(.text.CRC_DR_RESET) for CRC_DR_RESET
    main.o(.ARM.exidx.text.bootloader_handle_rw_protect_cmd) refers to main.o(.text.bootloader_handle_rw_protect_cmd) for [Anonymous Symbol]
    main.o(.text.bootloader_handle_dis_rw_protect_cmd) refers to main.o(.rodata.str1.1) for .L.str.11
    main.o(.text.bootloader_handle_dis_rw_protect_cmd) refers to hal_uart_driver.o(.text.HAL_USART_Send_String) for HAL_USART_Send_String
    main.o(.text.bootloader_handle_dis_rw_protect_cmd) refers to main.o(.text.bootloader_verify_crc) for bootloader_verify_crc
    main.o(.text.bootloader_handle_dis_rw_protect_cmd) refers to main.o(.text.bootloader_send_nack) for bootloader_send_nack
    main.o(.text.bootloader_handle_dis_rw_protect_cmd) refers to main.o(.text.bootloader_send_ack) for bootloader_send_ack
    main.o(.text.bootloader_handle_dis_rw_protect_cmd) refers to main.o(.text.FLASH_RW_PROTECTION) for FLASH_RW_PROTECTION
    main.o(.text.bootloader_handle_dis_rw_protect_cmd) refers to main.o(.text.bootloader_uart_write_data) for bootloader_uart_write_data
    main.o(.text.bootloader_handle_dis_rw_protect_cmd) refers to hal_crc_driver.o(.text.CRC_DR_RESET) for CRC_DR_RESET
    main.o(.ARM.exidx.text.bootloader_handle_dis_rw_protect_cmd) refers to main.o(.text.bootloader_handle_dis_rw_protect_cmd) for [Anonymous Symbol]
    main.o(.ARM.exidx.text.bootloader_handle_mem_read_cmd) refers to main.o(.text.bootloader_handle_mem_read_cmd) for [Anonymous Symbol]
    main.o(.text.bootloader_handle_read_sector_cmd) refers to main.o(.rodata.str1.1) for .L.str.11
    main.o(.text.bootloader_handle_read_sector_cmd) refers to hal_uart_driver.o(.text.HAL_USART_Send_String) for HAL_USART_Send_String
    main.o(.text.bootloader_handle_read_sector_cmd) refers to main.o(.text.bootloader_verify_crc) for bootloader_verify_crc
    main.o(.text.bootloader_handle_read_sector_cmd) refers to main.o(.text.bootloader_send_nack) for bootloader_send_nack
    main.o(.text.bootloader_handle_read_sector_cmd) refers to main.o(.text.bootloader_send_ack) for bootloader_send_ack
    main.o(.text.bootloader_handle_read_sector_cmd) refers to main.o(.text.FLASH_PROTECTION_Status) for FLASH_PROTECTION_Status
    main.o(.text.bootloader_handle_read_sector_cmd) refers to main.o(.text.bootloader_uart_write_data) for bootloader_uart_write_data
    main.o(.text.bootloader_handle_read_sector_cmd) refers to hal_crc_driver.o(.text.CRC_DR_RESET) for CRC_DR_RESET
    main.o(.ARM.exidx.text.bootloader_handle_read_sector_cmd) refers to main.o(.text.bootloader_handle_read_sector_cmd) for [Anonymous Symbol]
    main.o(.ARM.exidx.text.bootloader_handle_otp_cmd) refers to main.o(.text.bootloader_handle_otp_cmd) for [Anonymous Symbol]
    main.o(.text.bootloader_verify_crc) refers to hal_crc_driver.o(.text.HAL_CRC_ACCUMULAT) for HAL_CRC_ACCUMULAT
    main.o(.ARM.exidx.text.bootloader_verify_crc) refers to main.o(.text.bootloader_verify_crc) for [Anonymous Symbol]
    main.o(.text.bootloader_send_ack) refers to hal_uart_driver.o(.text.HAL_USART_SEND) for HAL_USART_SEND
    main.o(.ARM.exidx.text.bootloader_send_ack) refers to main.o(.text.bootloader_send_ack) for [Anonymous Symbol]
    main.o(.ARM.exidx.text.bootloader_get_version) refers to main.o(.text.bootloader_get_version) for [Anonymous Symbol]
    main.o(.text.bootloader_send_nack) refers to hal_uart_driver.o(.text.HAL_USART_SEND) for HAL_USART_SEND
    main.o(.ARM.exidx.text.bootloader_send_nack) refers to main.o(.text.bootloader_send_nack) for [Anonymous Symbol]
    main.o(.text.bootloader_uart_write_data) refers to hal_uart_driver.o(.text.HAL_USART_SEND_BUFFER) for HAL_USART_SEND_BUFFER
    main.o(.ARM.exidx.text.bootloader_uart_write_data) refers to main.o(.text.bootloader_uart_write_data) for [Anonymous Symbol]
    main.o(.ARM.exidx.text.bootloader_get_mcu_id) refers to main.o(.text.bootloader_get_mcu_id) for [Anonymous Symbol]
    main.o(.ARM.exidx.text.bootloader_get_flash_rdp_level) refers to main.o(.text.bootloader_get_flash_rdp_level) for [Anonymous Symbol]
    main.o(.ARM.exidx.text.check_addr_validation) refers to main.o(.text.check_addr_validation) for [Anonymous Symbol]
    main.o(.text.FLASH_EARSE) refers to main.o(.text.FLASH_UNLOCK) for FLASH_UNLOCK
    main.o(.text.FLASH_EARSE) refers to main.o(.text.Flash_Mass_earse) for Flash_Mass_earse
    main.o(.text.FLASH_EARSE) refers to main.o(.data.FLASH1) for FLASH1
    main.o(.text.FLASH_EARSE) refers to main.o(.text.Flash_sector_earse) for Flash_sector_earse
    main.o(.text.FLASH_EARSE) refers to main.o(.text.FLASH_LOCK) for FLASH_LOCK
    main.o(.ARM.exidx.text.FLASH_EARSE) refers to main.o(.text.FLASH_EARSE) for [Anonymous Symbol]
    main.o(.text.mem_write) refers to main.o(.text.FLASH_UNLOCK) for FLASH_UNLOCK
    main.o(.text.mem_write) refers to main.o(.text.FLASH_PROGRAM_BYTE) for FLASH_PROGRAM_BYTE
    main.o(.text.mem_write) refers to main.o(.text.FLASH_LOCK) for FLASH_LOCK
    main.o(.ARM.exidx.text.mem_write) refers to main.o(.text.mem_write) for [Anonymous Symbol]
    main.o(.text.FLASH_RW_PROTECTION) refers to main.o(.text.FLASH_OPT_UNLOCK) for FLASH_OPT_UNLOCK
    main.o(.text.FLASH_RW_PROTECTION) refers to main.o(.data.FLASH1) for FLASH1
    main.o(.text.FLASH_RW_PROTECTION) refers to main.o(.text.FLASH_OPT_LOCK) for FLASH_OPT_LOCK
    main.o(.ARM.exidx.text.FLASH_RW_PROTECTION) refers to main.o(.text.FLASH_RW_PROTECTION) for [Anonymous Symbol]
    main.o(.text.FLASH_PROTECTION_Status) refers to main.o(.text.FLASH_OPT_UNLOCK) for FLASH_OPT_UNLOCK
    main.o(.text.FLASH_PROTECTION_Status) refers to main.o(.text.Get_WPR) for Get_WPR
    main.o(.text.FLASH_PROTECTION_Status) refers to main.o(.text.FLASH_OPT_LOCK) for FLASH_OPT_LOCK
    main.o(.ARM.exidx.text.FLASH_PROTECTION_Status) refers to main.o(.text.FLASH_PROTECTION_Status) for [Anonymous Symbol]
    main.o(.text.FLASH_UNLOCK) refers to main.o(.data.FLASH1) for FLASH1
    main.o(.ARM.exidx.text.FLASH_UNLOCK) refers to main.o(.text.FLASH_UNLOCK) for [Anonymous Symbol]
    main.o(.text.FLASH_LOCK) refers to main.o(.data.FLASH1) for FLASH1
    main.o(.ARM.exidx.text.FLASH_LOCK) refers to main.o(.text.FLASH_LOCK) for [Anonymous Symbol]
    main.o(.text.FLASH_PROGRAM_BYTE) refers to main.o(.data.FLASH1) for FLASH1
    main.o(.ARM.exidx.text.FLASH_PROGRAM_BYTE) refers to main.o(.text.FLASH_PROGRAM_BYTE) for [Anonymous Symbol]
    main.o(.text.Flash_sector_earse) refers to main.o(.data.FLASH1) for FLASH1
    main.o(.ARM.exidx.text.Flash_sector_earse) refers to main.o(.text.Flash_sector_earse) for [Anonymous Symbol]
    main.o(.text.Flash_Mass_earse) refers to main.o(.data.FLASH1) for FLASH1
    main.o(.ARM.exidx.text.Flash_Mass_earse) refers to main.o(.text.Flash_Mass_earse) for [Anonymous Symbol]
    main.o(.text.FLASH_OPT_UNLOCK) refers to main.o(.data.FLASH1) for FLASH1
    main.o(.ARM.exidx.text.FLASH_OPT_UNLOCK) refers to main.o(.text.FLASH_OPT_UNLOCK) for [Anonymous Symbol]
    main.o(.text.FLASH_OPT_LOCK) refers to main.o(.data.FLASH1) for FLASH1
    main.o(.ARM.exidx.text.FLASH_OPT_LOCK) refers to main.o(.text.FLASH_OPT_LOCK) for [Anonymous Symbol]
    main.o(.text.Get_WPR) refers to main.o(.bss.flah_status) for flah_status
    main.o(.ARM.exidx.text.Get_WPR) refers to main.o(.text.Get_WPR) for [Anonymous Symbol]
    gpio_driver.o(.text.HAL_GPIO_INIT) refers to gpio_driver.o(.text.HAL_SET_GPIO_CLK) for HAL_SET_GPIO_CLK
    gpio_driver.o(.text.HAL_GPIO_INIT) refers to gpio_driver.o(.text.HAL_GPIO_seet_alt_function) for HAL_GPIO_seet_alt_function
    gpio_driver.o(.ARM.exidx.text.HAL_GPIO_INIT) refers to gpio_driver.o(.text.HAL_GPIO_INIT) for [Anonymous Symbol]
    gpio_driver.o(.ARM.exidx.text.HAL_SET_GPIO_CLK) refers to gpio_driver.o(.text.HAL_SET_GPIO_CLK) for [Anonymous Symbol]
    gpio_driver.o(.ARM.exidx.text.HAL_GPIO_seet_alt_function) refers to gpio_driver.o(.text.HAL_GPIO_seet_alt_function) for [Anonymous Symbol]
    gpio_driver.o(.ARM.exidx.text.HAL_GPIO_read_pin_value) refers to gpio_driver.o(.text.HAL_GPIO_read_pin_value) for [Anonymous Symbol]
    gpio_driver.o(.ARM.exidx.text.HAL_GPIO_write_pin_value) refers to gpio_driver.o(.text.HAL_GPIO_write_pin_value) for [Anonymous Symbol]
    gpio_driver.o(.text.HAL_GPIO_configure_interrupt) refers to gpio_driver.o(.text.set_Pxx) for set_Pxx
    gpio_driver.o(.text.HAL_GPIO_configure_interrupt) refers to gpio_driver.o(.text.HAL_GPIO_INT_SYS_CONFIG) for HAL_GPIO_INT_SYS_CONFIG
    gpio_driver.o(.ARM.exidx.text.HAL_GPIO_configure_interrupt) refers to gpio_driver.o(.text.HAL_GPIO_configure_interrupt) for [Anonymous Symbol]
    gpio_driver.o(.text.set_Pxx) refers to gpio_driver.o(.bss.Pxx) for Pxx
    gpio_driver.o(.ARM.exidx.text.set_Pxx) refers to gpio_driver.o(.text.set_Pxx) for [Anonymous Symbol]
    gpio_driver.o(.text.HAL_GPIO_INT_SYS_CONFIG) refers to gpio_driver.o(.bss.Pxx) for Pxx
    gpio_driver.o(.ARM.exidx.text.HAL_GPIO_INT_SYS_CONFIG) refers to gpio_driver.o(.text.HAL_GPIO_INT_SYS_CONFIG) for [Anonymous Symbol]
    gpio_driver.o(.text.HAL_GPIO_enable_interrupt) refers to gpio_driver.o(.text.__NVIC_EnableIRQ) for __NVIC_EnableIRQ
    gpio_driver.o(.ARM.exidx.text.HAL_GPIO_enable_interrupt) refers to gpio_driver.o(.text.HAL_GPIO_enable_interrupt) for [Anonymous Symbol]
    gpio_driver.o(.ARM.exidx.text.__NVIC_EnableIRQ) refers to gpio_driver.o(.text.__NVIC_EnableIRQ) for [Anonymous Symbol]
    gpio_driver.o(.ARM.exidx.text.HAL_GPIO_clear_interrupt_flag) refers to gpio_driver.o(.text.HAL_GPIO_clear_interrupt_flag) for [Anonymous Symbol]
    gpio_driver.o(.text.HAL_BORAD_BUTTON_IT) refers to gpio_driver.o(.text.HAL_GPIO_INIT) for HAL_GPIO_INIT
    gpio_driver.o(.text.HAL_BORAD_BUTTON_IT) refers to gpio_driver.o(.text.HAL_GPIO_configure_interrupt) for HAL_GPIO_configure_interrupt
    gpio_driver.o(.text.HAL_BORAD_BUTTON_IT) refers to gpio_driver.o(.text.HAL_GPIO_enable_interrupt) for HAL_GPIO_enable_interrupt
    gpio_driver.o(.ARM.exidx.text.HAL_BORAD_BUTTON_IT) refers to gpio_driver.o(.text.HAL_BORAD_BUTTON_IT) for [Anonymous Symbol]
    gpio_driver.o(.text.HAL_BORAD_BUTTON) refers to gpio_driver.o(.text.HAL_GPIO_INIT) for HAL_GPIO_INIT
    gpio_driver.o(.ARM.exidx.text.HAL_BORAD_BUTTON) refers to gpio_driver.o(.text.HAL_BORAD_BUTTON) for [Anonymous Symbol]
    gpio_driver.o(.text.HAL_GPIO_CONFIGURE_EVENT) refers to gpio_driver.o(.text.set_Pxx) for set_Pxx
    gpio_driver.o(.text.HAL_GPIO_CONFIGURE_EVENT) refers to gpio_driver.o(.text.HAL_GPIO_INT_SYS_CONFIG) for HAL_GPIO_INT_SYS_CONFIG
    gpio_driver.o(.ARM.exidx.text.HAL_GPIO_CONFIGURE_EVENT) refers to gpio_driver.o(.text.HAL_GPIO_CONFIGURE_EVENT) for [Anonymous Symbol]
    gpio_driver.o(.ARM.exidx.text.HAL_GPIO_EVENT_ENABLE) refers to gpio_driver.o(.text.HAL_GPIO_EVENT_ENABLE) for [Anonymous Symbol]
    gpio_driver.o(.text.HAL_BORAD_BUTTON_EV) refers to gpio_driver.o(.text.HAL_GPIO_INIT) for HAL_GPIO_INIT
    gpio_driver.o(.text.HAL_BORAD_BUTTON_EV) refers to gpio_driver.o(.text.HAL_GPIO_CONFIGURE_EVENT) for HAL_GPIO_CONFIGURE_EVENT
    gpio_driver.o(.text.HAL_BORAD_BUTTON_EV) refers to gpio_driver.o(.text.HAL_GPIO_EVENT_ENABLE) for HAL_GPIO_EVENT_ENABLE
    gpio_driver.o(.ARM.exidx.text.HAL_BORAD_BUTTON_EV) refers to gpio_driver.o(.text.HAL_BORAD_BUTTON_EV) for [Anonymous Symbol]
    hal_uart_driver.o(.text.HAL_USART_INIT) refers to hal_uart_driver.o(.text.HAL_USART_Disable) for HAL_USART_Disable
    hal_uart_driver.o(.text.HAL_USART_INIT) refers to hal_uart_driver.o(.text.HAL_USART_SET_PINS) for HAL_USART_SET_PINS
    hal_uart_driver.o(.text.HAL_USART_INIT) refers to hal_uart_driver.o(.text.HAL_SET_USART_CLK) for HAL_SET_USART_CLK
    hal_uart_driver.o(.text.HAL_USART_INIT) refers to hal_uart_driver.o(.text.HAL_USART_set_RX_TX) for HAL_USART_set_RX_TX
    hal_uart_driver.o(.text.HAL_USART_INIT) refers to hal_uart_driver.o(.text.HAL_USART_ENABLE) for HAL_USART_ENABLE
    hal_uart_driver.o(.ARM.exidx.text.HAL_USART_INIT) refers to hal_uart_driver.o(.text.HAL_USART_INIT) for [Anonymous Symbol]
    hal_uart_driver.o(.ARM.exidx.text.HAL_USART_Disable) refers to hal_uart_driver.o(.text.HAL_USART_Disable) for [Anonymous Symbol]
    hal_uart_driver.o(.text.HAL_USART_SET_PINS) refers to gpio_driver.o(.text.HAL_GPIO_seet_alt_function) for HAL_GPIO_seet_alt_function
    hal_uart_driver.o(.text.HAL_USART_SET_PINS) refers to gpio_driver.o(.text.HAL_GPIO_INIT) for HAL_GPIO_INIT
    hal_uart_driver.o(.ARM.exidx.text.HAL_USART_SET_PINS) refers to hal_uart_driver.o(.text.HAL_USART_SET_PINS) for [Anonymous Symbol]
    hal_uart_driver.o(.ARM.exidx.text.HAL_SET_USART_CLK) refers to hal_uart_driver.o(.text.HAL_SET_USART_CLK) for [Anonymous Symbol]
    hal_uart_driver.o(.ARM.exidx.text.HAL_USART_set_RX_TX) refers to hal_uart_driver.o(.text.HAL_USART_set_RX_TX) for [Anonymous Symbol]
    hal_uart_driver.o(.ARM.exidx.text.HAL_USART_ENABLE) refers to hal_uart_driver.o(.text.HAL_USART_ENABLE) for [Anonymous Symbol]
    hal_uart_driver.o(.ARM.exidx.text.HAL_USART_SEND) refers to hal_uart_driver.o(.text.HAL_USART_SEND) for [Anonymous Symbol]
    hal_uart_driver.o(.ARM.exidx.text.HAL_USART_RECIEVE) refers to hal_uart_driver.o(.text.HAL_USART_RECIEVE) for [Anonymous Symbol]
    hal_uart_driver.o(.text.HAL_USART_Send_String) refers to hal_uart_driver.o(.text.HAL_USART_SEND) for HAL_USART_SEND
    hal_uart_driver.o(.ARM.exidx.text.HAL_USART_Send_String) refers to hal_uart_driver.o(.text.HAL_USART_Send_String) for [Anonymous Symbol]
    hal_uart_driver.o(.text.HAL_USART_SEND_BUFFER) refers to hal_uart_driver.o(.text.HAL_USART_SEND) for HAL_USART_SEND
    hal_uart_driver.o(.ARM.exidx.text.HAL_USART_SEND_BUFFER) refers to hal_uart_driver.o(.text.HAL_USART_SEND_BUFFER) for [Anonymous Symbol]
    hal_uart_driver.o(.text.HAL_USART_Recieve_String) refers to hal_uart_driver.o(.text.HAL_USART_RECIEVE) for HAL_USART_RECIEVE
    hal_uart_driver.o(.ARM.exidx.text.HAL_USART_Recieve_String) refers to hal_uart_driver.o(.text.HAL_USART_Recieve_String) for [Anonymous Symbol]
    hal_uart_driver.o(.text.HAL_USART_RX_interrupt) refers to hal_uart_driver.o(.text.__NVIC_EnableIRQ) for __NVIC_EnableIRQ
    hal_uart_driver.o(.ARM.exidx.text.HAL_USART_RX_interrupt) refers to hal_uart_driver.o(.text.HAL_USART_RX_interrupt) for [Anonymous Symbol]
    hal_uart_driver.o(.ARM.exidx.text.__NVIC_EnableIRQ) refers to hal_uart_driver.o(.text.__NVIC_EnableIRQ) for [Anonymous Symbol]
    hal_uart_driver.o(.text.HAL_USART_SET_CALL_BACK) refers to hal_uart_driver.o(.bss.USART_CALL_BACK) for USART_CALL_BACK
    hal_uart_driver.o(.ARM.exidx.text.HAL_USART_SET_CALL_BACK) refers to hal_uart_driver.o(.text.HAL_USART_SET_CALL_BACK) for [Anonymous Symbol]
    hal_uart_driver.o(.text.USART2_IRQHandler) refers to hal_uart_driver.o(.bss.USART_CALL_BACK) for USART_CALL_BACK
    hal_uart_driver.o(.ARM.exidx.text.USART2_IRQHandler) refers to hal_uart_driver.o(.text.USART2_IRQHandler) for [Anonymous Symbol]
    hal_uart_driver.o(.text.HAL_USART_SEND_DMA) refers to hal_dma_driver.o(.text.HAL_DMA_Start) for HAL_DMA_Start
    hal_uart_driver.o(.text.HAL_USART_SEND_DMA) refers to hal_uart_driver.o(.text.HAL_USART_ENABLE_DMAT) for HAL_USART_ENABLE_DMAT
    hal_uart_driver.o(.ARM.exidx.text.HAL_USART_SEND_DMA) refers to hal_uart_driver.o(.text.HAL_USART_SEND_DMA) for [Anonymous Symbol]
    hal_uart_driver.o(.ARM.exidx.text.HAL_USART_ENABLE_DMAT) refers to hal_uart_driver.o(.text.HAL_USART_ENABLE_DMAT) for [Anonymous Symbol]
    hal_uart_driver.o(.ARM.exidx.text.HAL_USART_DISABLE_DMAT) refers to hal_uart_driver.o(.text.HAL_USART_DISABLE_DMAT) for [Anonymous Symbol]
    hal_uart_driver.o(.ARM.exidx.text.HAL_USART_ENABLE_DMAR) refers to hal_uart_driver.o(.text.HAL_USART_ENABLE_DMAR) for [Anonymous Symbol]
    hal_uart_driver.o(.ARM.exidx.text.HAL_USART_DISABLE_DMAR) refers to hal_uart_driver.o(.text.HAL_USART_DISABLE_DMAR) for [Anonymous Symbol]
    hal_dma_driver.o(.text.HAL_DMA_INIT) refers to hal_dma_driver.o(.text.HAL_DMA_CLK_ENABLE) for HAL_DMA_CLK_ENABLE
    hal_dma_driver.o(.ARM.exidx.text.HAL_DMA_INIT) refers to hal_dma_driver.o(.text.HAL_DMA_INIT) for [Anonymous Symbol]
    hal_dma_driver.o(.ARM.exidx.text.HAL_DMA_CLK_ENABLE) refers to hal_dma_driver.o(.text.HAL_DMA_CLK_ENABLE) for [Anonymous Symbol]
    hal_dma_driver.o(.ARM.exidx.text.HAL_DMA_STREAMx_ENABLE) refers to hal_dma_driver.o(.text.HAL_DMA_STREAMx_ENABLE) for [Anonymous Symbol]
    hal_dma_driver.o(.ARM.exidx.text.HAL_DMA_STREAMx_DISABLE) refers to hal_dma_driver.o(.text.HAL_DMA_STREAMx_DISABLE) for [Anonymous Symbol]
    hal_dma_driver.o(.text.HAL_DMA_Start) refers to hal_dma_driver.o(.text.HAL_DMA_STREAMx_ENABLE) for HAL_DMA_STREAMx_ENABLE
    hal_dma_driver.o(.ARM.exidx.text.HAL_DMA_Start) refers to hal_dma_driver.o(.text.HAL_DMA_Start) for [Anonymous Symbol]
    hal_dma_driver.o(.text.HAL_DMA_INT_Configure) refers to hal_dma_driver.o(.text.__NVIC_EnableIRQ) for __NVIC_EnableIRQ
    hal_dma_driver.o(.ARM.exidx.text.HAL_DMA_INT_Configure) refers to hal_dma_driver.o(.text.HAL_DMA_INT_Configure) for [Anonymous Symbol]
    hal_dma_driver.o(.ARM.exidx.text.__NVIC_EnableIRQ) refers to hal_dma_driver.o(.text.__NVIC_EnableIRQ) for [Anonymous Symbol]
    led.o(.text.led_init) refers to gpio_driver.o(.text.HAL_GPIO_INIT) for HAL_GPIO_INIT
    led.o(.ARM.exidx.text.led_init) refers to led.o(.text.led_init) for [Anonymous Symbol]
    led.o(.text.board_led_init) refers to gpio_driver.o(.text.HAL_GPIO_INIT) for HAL_GPIO_INIT
    led.o(.ARM.exidx.text.board_led_init) refers to led.o(.text.board_led_init) for [Anonymous Symbol]
    led.o(.text.led_turn_on) refers to gpio_driver.o(.text.HAL_GPIO_write_pin_value) for HAL_GPIO_write_pin_value
    led.o(.ARM.exidx.text.led_turn_on) refers to led.o(.text.led_turn_on) for [Anonymous Symbol]
    led.o(.text.led_turn_off) refers to gpio_driver.o(.text.HAL_GPIO_write_pin_value) for HAL_GPIO_write_pin_value
    led.o(.ARM.exidx.text.led_turn_off) refers to led.o(.text.led_turn_off) for [Anonymous Symbol]
    led.o(.text.led_toggle) refers to gpio_driver.o(.text.HAL_GPIO_read_pin_value) for HAL_GPIO_read_pin_value
    led.o(.text.led_toggle) refers to gpio_driver.o(.text.HAL_GPIO_write_pin_value) for HAL_GPIO_write_pin_value
    led.o(.ARM.exidx.text.led_toggle) refers to led.o(.text.led_toggle) for [Anonymous Symbol]
    hal_crc_driver.o(.text.HAL_CRC_INIT) refers to hal_crc_driver.o(.text.HAL_CRC_SET_CLK) for HAL_CRC_SET_CLK
    hal_crc_driver.o(.ARM.exidx.text.HAL_CRC_INIT) refers to hal_crc_driver.o(.text.HAL_CRC_INIT) for [Anonymous Symbol]
    hal_crc_driver.o(.ARM.exidx.text.HAL_CRC_SET_CLK) refers to hal_crc_driver.o(.text.HAL_CRC_SET_CLK) for [Anonymous Symbol]
    hal_crc_driver.o(.text.HAL_CRC_ACCUMULAT) refers to hal_crc_driver.o(.data.CRC1) for CRC1
    hal_crc_driver.o(.ARM.exidx.text.HAL_CRC_ACCUMULAT) refers to hal_crc_driver.o(.text.HAL_CRC_ACCUMULAT) for [Anonymous Symbol]
    hal_crc_driver.o(.text.HAL_CRC_CALCULATE) refers to hal_crc_driver.o(.text.CRC_DR_RESET) for CRC_DR_RESET
    hal_crc_driver.o(.text.HAL_CRC_CALCULATE) refers to hal_crc_driver.o(.data.CRC1) for CRC1
    hal_crc_driver.o(.ARM.exidx.text.HAL_CRC_CALCULATE) refers to hal_crc_driver.o(.text.HAL_CRC_CALCULATE) for [Anonymous Symbol]
    hal_crc_driver.o(.text.CRC_DR_RESET) refers to hal_crc_driver.o(.data.CRC1) for CRC1
    hal_crc_driver.o(.ARM.exidx.text.CRC_DR_RESET) refers to hal_crc_driver.o(.text.CRC_DR_RESET) for [Anonymous Symbol]
    startup_stm32f446xx.o(RESET) refers to startup_stm32f446xx.o(STACK) for __initial_sp
    startup_stm32f446xx.o(RESET) refers to startup_stm32f446xx.o(.text) for Reset_Handler
    startup_stm32f446xx.o(RESET) refers to hal_uart_driver.o(.text.USART2_IRQHandler) for USART2_IRQHandler
    startup_stm32f446xx.o(.text) refers to system_stm32f4xx.o(.text.SystemInit) for SystemInit
    startup_stm32f446xx.o(.text) refers to entry.o(.ARM.Collect$$$$00000000) for __main
    system_stm32f4xx.o(.ARM.exidx.text.SystemInit) refers to system_stm32f4xx.o(.text.SystemInit) for [Anonymous Symbol]
    system_stm32f4xx.o(.text.SystemCoreClockUpdate) refers to system_stm32f4xx.o(.data.SystemCoreClock) for SystemCoreClock
    system_stm32f4xx.o(.text.SystemCoreClockUpdate) refers to system_stm32f4xx.o(.rodata.AHBPrescTable) for AHBPrescTable
    system_stm32f4xx.o(.ARM.exidx.text.SystemCoreClockUpdate) refers to system_stm32f4xx.o(.text.SystemCoreClockUpdate) for [Anonymous Symbol]
    entry.o(.ARM.Collect$$$$00000000) refers (Special) to entry10a.o(.ARM.Collect$$$$0000000D) for __rt_final_cpp
    entry.o(.ARM.Collect$$$$00000000) refers (Special) to entry11a.o(.ARM.Collect$$$$0000000F) for __rt_final_exit
    entry.o(.ARM.Collect$$$$00000000) refers (Special) to entry7b.o(.ARM.Collect$$$$00000008) for _main_clock
    entry.o(.ARM.Collect$$$$00000000) refers (Special) to entry8b.o(.ARM.Collect$$$$0000000A) for _main_cpp_init
    entry.o(.ARM.Collect$$$$00000000) refers (Special) to entry9a.o(.ARM.Collect$$$$0000000B) for _main_init
    entry.o(.ARM.Collect$$$$00000000) refers (Special) to entry5.o(.ARM.Collect$$$$00000004) for _main_scatterload
    entry.o(.ARM.Collect$$$$00000000) refers (Special) to entry2.o(.ARM.Collect$$$$00000001) for _main_stk
    entry2.o(.ARM.Collect$$$$00000001) refers to entry2.o(.ARM.Collect$$$$00002712) for __lit__00000000
    entry2.o(.ARM.Collect$$$$00002712) refers to startup_stm32f446xx.o(STACK) for __initial_sp
    entry2.o(__vectab_stack_and_reset_area) refers to startup_stm32f446xx.o(STACK) for __initial_sp
    entry2.o(__vectab_stack_and_reset_area) refers to entry.o(.ARM.Collect$$$$00000000) for __main
    entry5.o(.ARM.Collect$$$$00000004) refers to init.o(.text) for __scatterload
    entry9a.o(.ARM.Collect$$$$0000000B) refers to main.o(.text.main) for main
    entry9b.o(.ARM.Collect$$$$0000000C) refers to main.o(.text.main) for main
    init.o(.text) refers to entry5.o(.ARM.Collect$$$$00000004) for __main_after_scatterload


==============================================================================

Removing Unused input sections from the image.

    Removing main.o(.text), (0 bytes).
    Removing main.o(.ARM.exidx.text.main), (8 bytes).
    Removing main.o(.ARM.exidx.text.UART_INIT), (8 bytes).
    Removing main.o(.ARM.exidx.text.bootloader_uart_read_data), (8 bytes).
    Removing main.o(.ARM.exidx.text.bootloader_jump_to_user_app), (8 bytes).
    Removing main.o(.ARM.exidx.text.bootloader_handle_getver_cmd), (8 bytes).
    Removing main.o(.ARM.exidx.text.bootloader_handle_gethelp_cmd), (8 bytes).
    Removing main.o(.ARM.exidx.text.bootloader_handle_getcid_cmd), (8 bytes).
    Removing main.o(.ARM.exidx.text.bootloader_handle_getrdp_cmd), (8 bytes).
    Removing main.o(.ARM.exidx.text.bootloader_handle_go_cmd), (8 bytes).
    Removing main.o(.ARM.exidx.text.bootloader_handle_flash_erase_cmd), (8 bytes).
    Removing main.o(.ARM.exidx.text.bootloader_handle_mem_write_cmd), (8 bytes).
    Removing main.o(.ARM.exidx.text.bootloader_handle_rw_protect_cmd), (8 bytes).
    Removing main.o(.ARM.exidx.text.bootloader_handle_dis_rw_protect_cmd), (8 bytes).
    Removing main.o(.text.bootloader_handle_mem_read_cmd), (2 bytes).
    Removing main.o(.ARM.exidx.text.bootloader_handle_mem_read_cmd), (8 bytes).
    Removing main.o(.ARM.exidx.text.bootloader_handle_read_sector_cmd), (8 bytes).
    Removing main.o(.text.bootloader_handle_otp_cmd), (2 bytes).
    Removing main.o(.ARM.exidx.text.bootloader_handle_otp_cmd), (8 bytes).
    Removing main.o(.ARM.exidx.text.bootloader_verify_crc), (8 bytes).
    Removing main.o(.ARM.exidx.text.bootloader_send_ack), (8 bytes).
    Removing main.o(.text.bootloader_get_version), (4 bytes).
    Removing main.o(.ARM.exidx.text.bootloader_get_version), (8 bytes).
    Removing main.o(.ARM.exidx.text.bootloader_send_nack), (8 bytes).
    Removing main.o(.ARM.exidx.text.bootloader_uart_write_data), (8 bytes).
    Removing main.o(.ARM.exidx.text.bootloader_get_mcu_id), (8 bytes).
    Removing main.o(.ARM.exidx.text.bootloader_get_flash_rdp_level), (8 bytes).
    Removing main.o(.ARM.exidx.text.check_addr_validation), (8 bytes).
    Removing main.o(.ARM.exidx.text.FLASH_EARSE), (8 bytes).
    Removing main.o(.ARM.exidx.text.mem_write), (8 bytes).
    Removing main.o(.ARM.exidx.text.FLASH_RW_PROTECTION), (8 bytes).
    Removing main.o(.ARM.exidx.text.FLASH_PROTECTION_Status), (8 bytes).
    Removing main.o(.ARM.exidx.text.FLASH_UNLOCK), (8 bytes).
    Removing main.o(.ARM.exidx.text.FLASH_LOCK), (8 bytes).
    Removing main.o(.ARM.exidx.text.FLASH_PROGRAM_BYTE), (8 bytes).
    Removing main.o(.ARM.exidx.text.Flash_sector_earse), (8 bytes).
    Removing main.o(.ARM.exidx.text.Flash_Mass_earse), (8 bytes).
    Removing main.o(.ARM.exidx.text.FLASH_OPT_UNLOCK), (8 bytes).
    Removing main.o(.ARM.exidx.text.FLASH_OPT_LOCK), (8 bytes).
    Removing main.o(.ARM.exidx.text.Get_WPR), (8 bytes).
    Removing main.o(.bss.x), (4 bytes).
    Removing main.o(.ARM.use_no_argv), (4 bytes).
    Removing gpio_driver.o(.text), (0 bytes).
    Removing gpio_driver.o(.ARM.exidx.text.HAL_GPIO_INIT), (8 bytes).
    Removing gpio_driver.o(.ARM.exidx.text.HAL_SET_GPIO_CLK), (8 bytes).
    Removing gpio_driver.o(.ARM.exidx.text.HAL_GPIO_seet_alt_function), (8 bytes).
    Removing gpio_driver.o(.ARM.exidx.text.HAL_GPIO_read_pin_value), (8 bytes).
    Removing gpio_driver.o(.text.HAL_GPIO_write_pin_value), (22 bytes).
    Removing gpio_driver.o(.ARM.exidx.text.HAL_GPIO_write_pin_value), (8 bytes).
    Removing gpio_driver.o(.text.HAL_GPIO_configure_interrupt), (92 bytes).
    Removing gpio_driver.o(.ARM.exidx.text.HAL_GPIO_configure_interrupt), (8 bytes).
    Removing gpio_driver.o(.text.set_Pxx), (66 bytes).
    Removing gpio_driver.o(.ARM.exidx.text.set_Pxx), (8 bytes).
    Removing gpio_driver.o(.text.HAL_GPIO_INT_SYS_CONFIG), (200 bytes).
    Removing gpio_driver.o(.ARM.exidx.text.HAL_GPIO_INT_SYS_CONFIG), (8 bytes).
    Removing gpio_driver.o(.text.HAL_GPIO_enable_interrupt), (32 bytes).
    Removing gpio_driver.o(.ARM.exidx.text.HAL_GPIO_enable_interrupt), (8 bytes).
    Removing gpio_driver.o(.text.__NVIC_EnableIRQ), (32 bytes).
    Removing gpio_driver.o(.ARM.exidx.text.__NVIC_EnableIRQ), (8 bytes).
    Removing gpio_driver.o(.text.HAL_GPIO_clear_interrupt_flag), (30 bytes).
    Removing gpio_driver.o(.ARM.exidx.text.HAL_GPIO_clear_interrupt_flag), (8 bytes).
    Removing gpio_driver.o(.text.HAL_BORAD_BUTTON_IT), (60 bytes).
    Removing gpio_driver.o(.ARM.exidx.text.HAL_BORAD_BUTTON_IT), (8 bytes).
    Removing gpio_driver.o(.ARM.exidx.text.HAL_BORAD_BUTTON), (8 bytes).
    Removing gpio_driver.o(.text.HAL_GPIO_CONFIGURE_EVENT), (92 bytes).
    Removing gpio_driver.o(.ARM.exidx.text.HAL_GPIO_CONFIGURE_EVENT), (8 bytes).
    Removing gpio_driver.o(.text.HAL_GPIO_EVENT_ENABLE), (22 bytes).
    Removing gpio_driver.o(.ARM.exidx.text.HAL_GPIO_EVENT_ENABLE), (8 bytes).
    Removing gpio_driver.o(.text.HAL_BORAD_BUTTON_EV), (58 bytes).
    Removing gpio_driver.o(.ARM.exidx.text.HAL_BORAD_BUTTON_EV), (8 bytes).
    Removing gpio_driver.o(.bss.Pxx), (1 bytes).
    Removing gpio_driver.o(.bss.val), (4 bytes).
    Removing hal_uart_driver.o(.text), (0 bytes).
    Removing hal_uart_driver.o(.ARM.exidx.text.HAL_USART_INIT), (8 bytes).
    Removing hal_uart_driver.o(.ARM.exidx.text.HAL_USART_Disable), (8 bytes).
    Removing hal_uart_driver.o(.ARM.exidx.text.HAL_USART_SET_PINS), (8 bytes).
    Removing hal_uart_driver.o(.ARM.exidx.text.HAL_SET_USART_CLK), (8 bytes).
    Removing hal_uart_driver.o(.ARM.exidx.text.HAL_USART_set_RX_TX), (8 bytes).
    Removing hal_uart_driver.o(.ARM.exidx.text.HAL_USART_ENABLE), (8 bytes).
    Removing hal_uart_driver.o(.ARM.exidx.text.HAL_USART_SEND), (8 bytes).
    Removing hal_uart_driver.o(.ARM.exidx.text.HAL_USART_RECIEVE), (8 bytes).
    Removing hal_uart_driver.o(.ARM.exidx.text.HAL_USART_Send_String), (8 bytes).
    Removing hal_uart_driver.o(.ARM.exidx.text.HAL_USART_SEND_BUFFER), (8 bytes).
    Removing hal_uart_driver.o(.text.HAL_USART_Recieve_String), (42 bytes).
    Removing hal_uart_driver.o(.ARM.exidx.text.HAL_USART_Recieve_String), (8 bytes).
    Removing hal_uart_driver.o(.text.HAL_USART_RX_interrupt), (18 bytes).
    Removing hal_uart_driver.o(.ARM.exidx.text.HAL_USART_RX_interrupt), (8 bytes).
    Removing hal_uart_driver.o(.text.__NVIC_EnableIRQ), (32 bytes).
    Removing hal_uart_driver.o(.ARM.exidx.text.__NVIC_EnableIRQ), (8 bytes).
    Removing hal_uart_driver.o(.text.HAL_USART_SET_CALL_BACK), (12 bytes).
    Removing hal_uart_driver.o(.ARM.exidx.text.HAL_USART_SET_CALL_BACK), (8 bytes).
    Removing hal_uart_driver.o(.ARM.exidx.text.USART2_IRQHandler), (8 bytes).
    Removing hal_uart_driver.o(.text.HAL_USART_SEND_DMA), (24 bytes).
    Removing hal_uart_driver.o(.ARM.exidx.text.HAL_USART_SEND_DMA), (8 bytes).
    Removing hal_uart_driver.o(.text.HAL_USART_ENABLE_DMAT), (10 bytes).
    Removing hal_uart_driver.o(.ARM.exidx.text.HAL_USART_ENABLE_DMAT), (8 bytes).
    Removing hal_uart_driver.o(.text.HAL_USART_DISABLE_DMAT), (10 bytes).
    Removing hal_uart_driver.o(.ARM.exidx.text.HAL_USART_DISABLE_DMAT), (8 bytes).
    Removing hal_uart_driver.o(.text.HAL_USART_ENABLE_DMAR), (10 bytes).
    Removing hal_uart_driver.o(.ARM.exidx.text.HAL_USART_ENABLE_DMAR), (8 bytes).
    Removing hal_uart_driver.o(.text.HAL_USART_DISABLE_DMAR), (10 bytes).
    Removing hal_uart_driver.o(.ARM.exidx.text.HAL_USART_DISABLE_DMAR), (8 bytes).
    Removing hal_dma_driver.o(.text), (0 bytes).
    Removing hal_dma_driver.o(.text.HAL_DMA_INIT), (112 bytes).
    Removing hal_dma_driver.o(.ARM.exidx.text.HAL_DMA_INIT), (8 bytes).
    Removing hal_dma_driver.o(.text.HAL_DMA_CLK_ENABLE), (52 bytes).
    Removing hal_dma_driver.o(.ARM.exidx.text.HAL_DMA_CLK_ENABLE), (8 bytes).
    Removing hal_dma_driver.o(.text.HAL_DMA_STREAMx_ENABLE), (10 bytes).
    Removing hal_dma_driver.o(.ARM.exidx.text.HAL_DMA_STREAMx_ENABLE), (8 bytes).
    Removing hal_dma_driver.o(.text.HAL_DMA_STREAMx_DISABLE), (10 bytes).
    Removing hal_dma_driver.o(.ARM.exidx.text.HAL_DMA_STREAMx_DISABLE), (8 bytes).
    Removing hal_dma_driver.o(.text.HAL_DMA_Start), (16 bytes).
    Removing hal_dma_driver.o(.ARM.exidx.text.HAL_DMA_Start), (8 bytes).
    Removing hal_dma_driver.o(.text.HAL_DMA_INT_Configure), (20 bytes).
    Removing hal_dma_driver.o(.ARM.exidx.text.HAL_DMA_INT_Configure), (8 bytes).
    Removing hal_dma_driver.o(.text.__NVIC_EnableIRQ), (32 bytes).
    Removing hal_dma_driver.o(.ARM.exidx.text.__NVIC_EnableIRQ), (8 bytes).
    Removing led.o(.text), (0 bytes).
    Removing led.o(.text.led_init), (8 bytes).
    Removing led.o(.ARM.exidx.text.led_init), (8 bytes).
    Removing led.o(.ARM.exidx.text.board_led_init), (8 bytes).
    Removing led.o(.text.led_turn_on), (10 bytes).
    Removing led.o(.ARM.exidx.text.led_turn_on), (8 bytes).
    Removing led.o(.text.led_turn_off), (10 bytes).
    Removing led.o(.ARM.exidx.text.led_turn_off), (8 bytes).
    Removing led.o(.text.led_toggle), (40 bytes).
    Removing led.o(.ARM.exidx.text.led_toggle), (8 bytes).
    Removing hal_crc_driver.o(.text), (0 bytes).
    Removing hal_crc_driver.o(.ARM.exidx.text.HAL_CRC_INIT), (8 bytes).
    Removing hal_crc_driver.o(.ARM.exidx.text.HAL_CRC_SET_CLK), (8 bytes).
    Removing hal_crc_driver.o(.ARM.exidx.text.HAL_CRC_ACCUMULAT), (8 bytes).
    Removing hal_crc_driver.o(.text.HAL_CRC_CALCULATE), (40 bytes).
    Removing hal_crc_driver.o(.ARM.exidx.text.HAL_CRC_CALCULATE), (8 bytes).
    Removing hal_crc_driver.o(.ARM.exidx.text.CRC_DR_RESET), (8 bytes).
    Removing startup_stm32f446xx.o(HEAP), (512 bytes).
    Removing system_stm32f4xx.o(.text), (0 bytes).
    Removing system_stm32f4xx.o(.ARM.exidx.text.SystemInit), (8 bytes).
    Removing system_stm32f4xx.o(.text.SystemCoreClockUpdate), (126 bytes).
    Removing system_stm32f4xx.o(.ARM.exidx.text.SystemCoreClockUpdate), (8 bytes).
    Removing system_stm32f4xx.o(.data.SystemCoreClock), (4 bytes).
    Removing system_stm32f4xx.o(.rodata.AHBPrescTable), (16 bytes).
    Removing system_stm32f4xx.o(.rodata.APBPrescTable), (8 bytes).

142 unused section(s) (total 2649 bytes) removed from the image.

==============================================================================

Image Symbol Table

    Local Symbols

    Symbol Name                              Value     Ov Type        Size  Object(Section)

    ../clib/microlib/init/entry.s            0x00000000   Number         0  entry.o ABSOLUTE
    ../clib/microlib/init/entry.s            0x00000000   Number         0  entry2.o ABSOLUTE
    ../clib/microlib/init/entry.s            0x00000000   Number         0  entry5.o ABSOLUTE
    ../clib/microlib/init/entry.s            0x00000000   Number         0  entry7a.o ABSOLUTE
    ../clib/microlib/init/entry.s            0x00000000   Number         0  entry7b.o ABSOLUTE
    ../clib/microlib/init/entry.s            0x00000000   Number         0  entry8a.o ABSOLUTE
    ../clib/microlib/init/entry.s            0x00000000   Number         0  entry8b.o ABSOLUTE
    ../clib/microlib/init/entry.s            0x00000000   Number         0  entry9a.o ABSOLUTE
    ../clib/microlib/init/entry.s            0x00000000   Number         0  entry9b.o ABSOLUTE
    ../clib/microlib/init/entry.s            0x00000000   Number         0  entry10a.o ABSOLUTE
    ../clib/microlib/init/entry.s            0x00000000   Number         0  entry10b.o ABSOLUTE
    ../clib/microlib/init/entry.s            0x00000000   Number         0  entry11a.o ABSOLUTE
    ../clib/microlib/init/entry.s            0x00000000   Number         0  entry11b.o ABSOLUTE
    ../clib/microlib/string/memset.c         0x00000000   Number         0  memseta.o ABSOLUTE
    RTE/Device/STM32F446RETx/startup_stm32f446xx.s 0x00000000   Number         0  startup_stm32f446xx.o ABSOLUTE
    dc.s                                     0x00000000   Number         0  dc.o ABSOLUTE
    gpio_driver.c                            0x00000000   Number         0  gpio_driver.o ABSOLUTE
    hal_DMA_driver.c                         0x00000000   Number         0  hal_dma_driver.o ABSOLUTE
    hal_crc_driver.c                         0x00000000   Number         0  hal_crc_driver.o ABSOLUTE
    hal_uart_driver.c                        0x00000000   Number         0  hal_uart_driver.o ABSOLUTE
    handlers.s                               0x00000000   Number         0  handlers.o ABSOLUTE
    init.s                                   0x00000000   Number         0  init.o ABSOLUTE
    led.c                                    0x00000000   Number         0  led.o ABSOLUTE
    main.c                                   0x00000000   Number         0  main.o ABSOLUTE
    system_stm32f4xx.c                       0x00000000   Number         0  system_stm32f4xx.o ABSOLUTE
    RESET                                    0x08000000   Section      452  startup_stm32f446xx.o(RESET)
    .ARM.Collect$$$$00000000                 0x080001c4   Section        0  entry.o(.ARM.Collect$$$$00000000)
    .ARM.Collect$$$$00000001                 0x080001c4   Section        4  entry2.o(.ARM.Collect$$$$00000001)
    .ARM.Collect$$$$00000004                 0x080001c8   Section        4  entry5.o(.ARM.Collect$$$$00000004)
    .ARM.Collect$$$$00000008                 0x080001cc   Section        0  entry7b.o(.ARM.Collect$$$$00000008)
    .ARM.Collect$$$$0000000A                 0x080001cc   Section        0  entry8b.o(.ARM.Collect$$$$0000000A)
    .ARM.Collect$$$$0000000B                 0x080001cc   Section        8  entry9a.o(.ARM.Collect$$$$0000000B)
    __lit__00000000                          0x080001d4   Data           4  entry2.o(.ARM.Collect$$$$00002712)
    .ARM.Collect$$$$0000000D                 0x080001d4   Section        0  entry10a.o(.ARM.Collect$$$$0000000D)
    .ARM.Collect$$$$0000000F                 0x080001d4   Section        0  entry11a.o(.ARM.Collect$$$$0000000F)
    .ARM.Collect$$$$00002712                 0x080001d4   Section        4  entry2.o(.ARM.Collect$$$$00002712)
    $v0                                      0x080001d8   Number         0  startup_stm32f446xx.o(.text)
    .text                                    0x080001d8   Section       36  startup_stm32f446xx.o(.text)
    .text                                    0x080001fc   Section        0  memseta.o(.text)
    .text                                    0x08000220   Section       36  init.o(.text)
    [Anonymous Symbol]                       0x08000244   Section        0  hal_crc_driver.o(.text.CRC_DR_RESET)
    [Anonymous Symbol]                       0x08000258   Section        0  main.o(.text.FLASH_EARSE)
    [Anonymous Symbol]                       0x080002b8   Section        0  main.o(.text.FLASH_LOCK)
    [Anonymous Symbol]                       0x080002cc   Section        0  main.o(.text.FLASH_OPT_LOCK)
    [Anonymous Symbol]                       0x080002e0   Section        0  main.o(.text.FLASH_OPT_UNLOCK)
    [Anonymous Symbol]                       0x08000304   Section        0  main.o(.text.FLASH_PROGRAM_BYTE)
    [Anonymous Symbol]                       0x08000338   Section        0  main.o(.text.FLASH_PROTECTION_Status)
    [Anonymous Symbol]                       0x0800034c   Section        0  main.o(.text.FLASH_RW_PROTECTION)
    [Anonymous Symbol]                       0x08000428   Section        0  main.o(.text.FLASH_UNLOCK)
    [Anonymous Symbol]                       0x08000454   Section        0  main.o(.text.Flash_Mass_earse)
    [Anonymous Symbol]                       0x08000494   Section        0  main.o(.text.Flash_sector_earse)
    [Anonymous Symbol]                       0x080004e4   Section        0  main.o(.text.Get_WPR)
    [Anonymous Symbol]                       0x080004fc   Section        0  gpio_driver.o(.text.HAL_BORAD_BUTTON)
    [Anonymous Symbol]                       0x08000524   Section        0  hal_crc_driver.o(.text.HAL_CRC_ACCUMULAT)
    [Anonymous Symbol]                       0x08000548   Section        0  hal_crc_driver.o(.text.HAL_CRC_INIT)
    [Anonymous Symbol]                       0x08000550   Section        0  hal_crc_driver.o(.text.HAL_CRC_SET_CLK)
    [Anonymous Symbol]                       0x08000564   Section        0  gpio_driver.o(.text.HAL_GPIO_INIT)
    [Anonymous Symbol]                       0x080005b0   Section        0  gpio_driver.o(.text.HAL_GPIO_read_pin_value)
    [Anonymous Symbol]                       0x080005bc   Section        0  gpio_driver.o(.text.HAL_GPIO_seet_alt_function)
    [Anonymous Symbol]                       0x080005d8   Section        0  gpio_driver.o(.text.HAL_SET_GPIO_CLK)
    [Anonymous Symbol]                       0x08000630   Section        0  hal_uart_driver.o(.text.HAL_SET_USART_CLK)
    [Anonymous Symbol]                       0x080006f4   Section        0  hal_uart_driver.o(.text.HAL_USART_Disable)
    [Anonymous Symbol]                       0x08000700   Section        0  hal_uart_driver.o(.text.HAL_USART_ENABLE)
    [Anonymous Symbol]                       0x0800070c   Section        0  hal_uart_driver.o(.text.HAL_USART_INIT)
    [Anonymous Symbol]                       0x08000770   Section        0  hal_uart_driver.o(.text.HAL_USART_RECIEVE)
    [Anonymous Symbol]                       0x0800077c   Section        0  hal_uart_driver.o(.text.HAL_USART_SEND)
    [Anonymous Symbol]                       0x08000788   Section        0  hal_uart_driver.o(.text.HAL_USART_SEND_BUFFER)
    [Anonymous Symbol]                       0x080007a8   Section        0  hal_uart_driver.o(.text.HAL_USART_SET_PINS)
    [Anonymous Symbol]                       0x08000980   Section        0  hal_uart_driver.o(.text.HAL_USART_Send_String)
    [Anonymous Symbol]                       0x080009a8   Section        0  hal_uart_driver.o(.text.HAL_USART_set_RX_TX)
    [Anonymous Symbol]                       0x080009dc   Section        0  system_stm32f4xx.o(.text.SystemInit)
    [Anonymous Symbol]                       0x08000a34   Section        0  main.o(.text.UART_INIT)
    [Anonymous Symbol]                       0x08000a70   Section        0  hal_uart_driver.o(.text.USART2_IRQHandler)
    [Anonymous Symbol]                       0x08000a80   Section        0  led.o(.text.board_led_init)
    [Anonymous Symbol]                       0x08000ab4   Section        0  main.o(.text.bootloader_get_flash_rdp_level)
    [Anonymous Symbol]                       0x08000ac4   Section        0  main.o(.text.bootloader_get_mcu_id)
    [Anonymous Symbol]                       0x08000ad4   Section        0  main.o(.text.bootloader_handle_dis_rw_protect_cmd)
    [Anonymous Symbol]                       0x08000b54   Section        0  main.o(.text.bootloader_handle_flash_erase_cmd)
    [Anonymous Symbol]                       0x08000bd0   Section        0  main.o(.text.bootloader_handle_getcid_cmd)
    [Anonymous Symbol]                       0x08000c48   Section        0  main.o(.text.bootloader_handle_gethelp_cmd)
    [Anonymous Symbol]                       0x08000cb8   Section        0  main.o(.text.bootloader_handle_getrdp_cmd)
    [Anonymous Symbol]                       0x08000d30   Section        0  main.o(.text.bootloader_handle_getver_cmd)
    [Anonymous Symbol]                       0x08000dec   Section        0  main.o(.text.bootloader_handle_go_cmd)
    [Anonymous Symbol]                       0x08000e8c   Section        0  main.o(.text.bootloader_handle_mem_write_cmd)
    [Anonymous Symbol]                       0x08000f44   Section        0  main.o(.text.bootloader_handle_read_sector_cmd)
    [Anonymous Symbol]                       0x08000fbc   Section        0  main.o(.text.bootloader_handle_rw_protect_cmd)
    [Anonymous Symbol]                       0x0800103c   Section        0  main.o(.text.bootloader_jump_to_user_app)
    [Anonymous Symbol]                       0x0800108c   Section        0  main.o(.text.bootloader_send_ack)
    [Anonymous Symbol]                       0x080010ac   Section        0  main.o(.text.bootloader_send_nack)
    [Anonymous Symbol]                       0x080010c0   Section        0  main.o(.text.bootloader_uart_read_data)
    [Anonymous Symbol]                       0x080011b0   Section        0  main.o(.text.bootloader_uart_write_data)
    [Anonymous Symbol]                       0x080011c4   Section        0  main.o(.text.bootloader_verify_crc)
    [Anonymous Symbol]                       0x080011f4   Section        0  main.o(.text.check_addr_validation)
    [Anonymous Symbol]                       0x08001240   Section        0  main.o(.text.main)
    [Anonymous Symbol]                       0x080012f0   Section        0  main.o(.text.mem_write)
    i.__scatterload_copy                     0x08001326   Section       14  handlers.o(i.__scatterload_copy)
    i.__scatterload_null                     0x08001334   Section        2  handlers.o(i.__scatterload_null)
    i.__scatterload_zeroinit                 0x08001336   Section       14  handlers.o(i.__scatterload_zeroinit)
    .L.str.7                                 0x08001344   Data          30  main.o(.rodata.str1.1)
    [Anonymous Symbol]                       0x08001344   Section        0  main.o(.rodata.str1.1)
    .L.str.10                                0x08001362   Data          28  main.o(.rodata.str1.1)
    .L.str.11                                0x0800137e   Data          47  main.o(.rodata.str1.1)
    .L.str.9                                 0x080013ad   Data          44  main.o(.rodata.str1.1)
    .L.str.8                                 0x080013d9   Data          45  main.o(.rodata.str1.1)
    .L.str.5                                 0x08001406   Data          32  main.o(.rodata.str1.1)
    USART_CALL_BACK                          0x200000e0   Data           4  hal_uart_driver.o(.bss.USART_CALL_BACK)
    [Anonymous Symbol]                       0x200000e0   Section        0  hal_uart_driver.o(.bss.USART_CALL_BACK)
    STACK                                    0x20000b98   Section     1024  startup_stm32f446xx.o(STACK)

    Global Symbols

    Symbol Name                              Value     Ov Type        Size  Object(Section)

    BuildAttributes$$THM_ISAv4$E$P$D$K$B$S$7EM$VFPi3$EXTD16$VFPS$VFMA$PE$A:L22UL41UL21$X:L11$S22US41US21$IEEE1$IW$~IW$USESV6$~STKCKD$USESV7$~SHL$OTIME$EBA8$MICROLIB$REQ8$PRES8$EABIv2 0x00000000   Number         0  anon$$obj.o ABSOLUTE
    __cpp_initialize__aeabi_                  - Undefined Weak Reference
    __cxa_finalize                            - Undefined Weak Reference
    __decompress                              - Undefined Weak Reference
    _clock_init                               - Undefined Weak Reference
    _microlib_exit                            - Undefined Weak Reference
    __Vectors_Size                           0x000001c4   Number         0  startup_stm32f446xx.o ABSOLUTE
    __Vectors                                0x08000000   Data           4  startup_stm32f446xx.o(RESET)
    __Vectors_End                            0x080001c4   Data           0  startup_stm32f446xx.o(RESET)
    __main                                   0x080001c5   Thumb Code     0  entry.o(.ARM.Collect$$$$00000000)
    _main_stk                                0x080001c5   Thumb Code     0  entry2.o(.ARM.Collect$$$$00000001)
    _main_scatterload                        0x080001c9   Thumb Code     0  entry5.o(.ARM.Collect$$$$00000004)
    __main_after_scatterload                 0x080001cd   Thumb Code     0  entry5.o(.ARM.Collect$$$$00000004)
    _main_clock                              0x080001cd   Thumb Code     0  entry7b.o(.ARM.Collect$$$$00000008)
    _main_cpp_init                           0x080001cd   Thumb Code     0  entry8b.o(.ARM.Collect$$$$0000000A)
    _main_init                               0x080001cd   Thumb Code     0  entry9a.o(.ARM.Collect$$$$0000000B)
    __rt_final_cpp                           0x080001d5   Thumb Code     0  entry10a.o(.ARM.Collect$$$$0000000D)
    __rt_final_exit                          0x080001d5   Thumb Code     0  entry11a.o(.ARM.Collect$$$$0000000F)
    Reset_Handler                            0x080001d9   Thumb Code     8  startup_stm32f446xx.o(.text)
    NMI_Handler                              0x080001e1   Thumb Code     2  startup_stm32f446xx.o(.text)
    HardFault_Handler                        0x080001e3   Thumb Code     2  startup_stm32f446xx.o(.text)
    MemManage_Handler                        0x080001e5   Thumb Code     2  startup_stm32f446xx.o(.text)
    BusFault_Handler                         0x080001e7   Thumb Code     2  startup_stm32f446xx.o(.text)
    UsageFault_Handler                       0x080001e9   Thumb Code     2  startup_stm32f446xx.o(.text)
    SVC_Handler                              0x080001eb   Thumb Code     2  startup_stm32f446xx.o(.text)
    DebugMon_Handler                         0x080001ed   Thumb Code     2  startup_stm32f446xx.o(.text)
    PendSV_Handler                           0x080001ef   Thumb Code     2  startup_stm32f446xx.o(.text)
    SysTick_Handler                          0x080001f1   Thumb Code     2  startup_stm32f446xx.o(.text)
    ADC_IRQHandler                           0x080001f3   Thumb Code     0  startup_stm32f446xx.o(.text)
    CAN1_RX0_IRQHandler                      0x080001f3   Thumb Code     0  startup_stm32f446xx.o(.text)
    CAN1_RX1_IRQHandler                      0x080001f3   Thumb Code     0  startup_stm32f446xx.o(.text)
    CAN1_SCE_IRQHandler                      0x080001f3   Thumb Code     0  startup_stm32f446xx.o(.text)
    CAN1_TX_IRQHandler                       0x080001f3   Thumb Code     0  startup_stm32f446xx.o(.text)
    CAN2_RX0_IRQHandler                      0x080001f3   Thumb Code     0  startup_stm32f446xx.o(.text)
    CAN2_RX1_IRQHandler                      0x080001f3   Thumb Code     0  startup_stm32f446xx.o(.text)
    CAN2_SCE_IRQHandler                      0x080001f3   Thumb Code     0  startup_stm32f446xx.o(.text)
    CAN2_TX_IRQHandler                       0x080001f3   Thumb Code     0  startup_stm32f446xx.o(.text)
    CEC_IRQHandler                           0x080001f3   Thumb Code     0  startup_stm32f446xx.o(.text)
    DCMI_IRQHandler                          0x080001f3   Thumb Code     0  startup_stm32f446xx.o(.text)
    DMA1_Stream0_IRQHandler                  0x080001f3   Thumb Code     0  startup_stm32f446xx.o(.text)
    DMA1_Stream1_IRQHandler                  0x080001f3   Thumb Code     0  startup_stm32f446xx.o(.text)
    DMA1_Stream2_IRQHandler                  0x080001f3   Thumb Code     0  startup_stm32f446xx.o(.text)
    DMA1_Stream3_IRQHandler                  0x080001f3   Thumb Code     0  startup_stm32f446xx.o(.text)
    DMA1_Stream4_IRQHandler                  0x080001f3   Thumb Code     0  startup_stm32f446xx.o(.text)
    DMA1_Stream5_IRQHandler                  0x080001f3   Thumb Code     0  startup_stm32f446xx.o(.text)
    DMA1_Stream6_IRQHandler                  0x080001f3   Thumb Code     0  startup_stm32f446xx.o(.text)
    DMA1_Stream7_IRQHandler                  0x080001f3   Thumb Code     0  startup_stm32f446xx.o(.text)
    DMA2_Stream0_IRQHandler                  0x080001f3   Thumb Code     0  startup_stm32f446xx.o(.text)
    DMA2_Stream1_IRQHandler                  0x080001f3   Thumb Code     0  startup_stm32f446xx.o(.text)
    DMA2_Stream2_IRQHandler                  0x080001f3   Thumb Code     0  startup_stm32f446xx.o(.text)
    DMA2_Stream3_IRQHandler                  0x080001f3   Thumb Code     0  startup_stm32f446xx.o(.text)
    DMA2_Stream4_IRQHandler                  0x080001f3   Thumb Code     0  startup_stm32f446xx.o(.text)
    DMA2_Stream5_IRQHandler                  0x080001f3   Thumb Code     0  startup_stm32f446xx.o(.text)
    DMA2_Stream6_IRQHandler                  0x080001f3   Thumb Code     0  startup_stm32f446xx.o(.text)
    DMA2_Stream7_IRQHandler                  0x080001f3   Thumb Code     0  startup_stm32f446xx.o(.text)
    EXTI0_IRQHandler                         0x080001f3   Thumb Code     0  startup_stm32f446xx.o(.text)
    EXTI15_10_IRQHandler                     0x080001f3   Thumb Code     0  startup_stm32f446xx.o(.text)
    EXTI1_IRQHandler                         0x080001f3   Thumb Code     0  startup_stm32f446xx.o(.text)
    EXTI2_IRQHandler                         0x080001f3   Thumb Code     0  startup_stm32f446xx.o(.text)
    EXTI3_IRQHandler                         0x080001f3   Thumb Code     0  startup_stm32f446xx.o(.text)
    EXTI4_IRQHandler                         0x080001f3   Thumb Code     0  startup_stm32f446xx.o(.text)
    EXTI9_5_IRQHandler                       0x080001f3   Thumb Code     0  startup_stm32f446xx.o(.text)
    FLASH_IRQHandler                         0x080001f3   Thumb Code     0  startup_stm32f446xx.o(.text)
    FMC_IRQHandler                           0x080001f3   Thumb Code     0  startup_stm32f446xx.o(.text)
    FMPI2C1_ER_IRQHandler                    0x080001f3   Thumb Code     0  startup_stm32f446xx.o(.text)
    FMPI2C1_EV_IRQHandler                    0x080001f3   Thumb Code     0  startup_stm32f446xx.o(.text)
    FPU_IRQHandler                           0x080001f3   Thumb Code     0  startup_stm32f446xx.o(.text)
    I2C1_ER_IRQHandler                       0x080001f3   Thumb Code     0  startup_stm32f446xx.o(.text)
    I2C1_EV_IRQHandler                       0x080001f3   Thumb Code     0  startup_stm32f446xx.o(.text)
    I2C2_ER_IRQHandler                       0x080001f3   Thumb Code     0  startup_stm32f446xx.o(.text)
    I2C2_EV_IRQHandler                       0x080001f3   Thumb Code     0  startup_stm32f446xx.o(.text)
    I2C3_ER_IRQHandler                       0x080001f3   Thumb Code     0  startup_stm32f446xx.o(.text)
    I2C3_EV_IRQHandler                       0x080001f3   Thumb Code     0  startup_stm32f446xx.o(.text)
    OTG_FS_IRQHandler                        0x080001f3   Thumb Code     0  startup_stm32f446xx.o(.text)
    OTG_FS_WKUP_IRQHandler                   0x080001f3   Thumb Code     0  startup_stm32f446xx.o(.text)
    OTG_HS_EP1_IN_IRQHandler                 0x080001f3   Thumb Code     0  startup_stm32f446xx.o(.text)
    OTG_HS_EP1_OUT_IRQHandler                0x080001f3   Thumb Code     0  startup_stm32f446xx.o(.text)
    OTG_HS_IRQHandler                        0x080001f3   Thumb Code     0  startup_stm32f446xx.o(.text)
    OTG_HS_WKUP_IRQHandler                   0x080001f3   Thumb Code     0  startup_stm32f446xx.o(.text)
    PVD_IRQHandler                           0x080001f3   Thumb Code     0  startup_stm32f446xx.o(.text)
    QUADSPI_IRQHandler                       0x080001f3   Thumb Code     0  startup_stm32f446xx.o(.text)
    RCC_IRQHandler                           0x080001f3   Thumb Code     0  startup_stm32f446xx.o(.text)
    RTC_Alarm_IRQHandler                     0x080001f3   Thumb Code     0  startup_stm32f446xx.o(.text)
    RTC_WKUP_IRQHandler                      0x080001f3   Thumb Code     0  startup_stm32f446xx.o(.text)
    SAI1_IRQHandler                          0x080001f3   Thumb Code     0  startup_stm32f446xx.o(.text)
    SAI2_IRQHandler                          0x080001f3   Thumb Code     0  startup_stm32f446xx.o(.text)
    SDIO_IRQHandler                          0x080001f3   Thumb Code     0  startup_stm32f446xx.o(.text)
    SPDIF_RX_IRQHandler                      0x080001f3   Thumb Code     0  startup_stm32f446xx.o(.text)
    SPI1_IRQHandler                          0x080001f3   Thumb Code     0  startup_stm32f446xx.o(.text)
    SPI2_IRQHandler                          0x080001f3   Thumb Code     0  startup_stm32f446xx.o(.text)
    SPI3_IRQHandler                          0x080001f3   Thumb Code     0  startup_stm32f446xx.o(.text)
    SPI4_IRQHandler                          0x080001f3   Thumb Code     0  startup_stm32f446xx.o(.text)
    TAMP_STAMP_IRQHandler                    0x080001f3   Thumb Code     0  startup_stm32f446xx.o(.text)
    TIM1_BRK_TIM9_IRQHandler                 0x080001f3   Thumb Code     0  startup_stm32f446xx.o(.text)
    TIM1_CC_IRQHandler                       0x080001f3   Thumb Code     0  startup_stm32f446xx.o(.text)
    TIM1_TRG_COM_TIM11_IRQHandler            0x080001f3   Thumb Code     0  startup_stm32f446xx.o(.text)
    TIM1_UP_TIM10_IRQHandler                 0x080001f3   Thumb Code     0  startup_stm32f446xx.o(.text)
    TIM2_IRQHandler                          0x080001f3   Thumb Code     0  startup_stm32f446xx.o(.text)
    TIM3_IRQHandler                          0x080001f3   Thumb Code     0  startup_stm32f446xx.o(.text)
    TIM4_IRQHandler                          0x080001f3   Thumb Code     0  startup_stm32f446xx.o(.text)
    TIM5_IRQHandler                          0x080001f3   Thumb Code     0  startup_stm32f446xx.o(.text)
    TIM6_DAC_IRQHandler                      0x080001f3   Thumb Code     0  startup_stm32f446xx.o(.text)
    TIM7_IRQHandler                          0x080001f3   Thumb Code     0  startup_stm32f446xx.o(.text)
    TIM8_BRK_TIM12_IRQHandler                0x080001f3   Thumb Code     0  startup_stm32f446xx.o(.text)
    TIM8_CC_IRQHandler                       0x080001f3   Thumb Code     0  startup_stm32f446xx.o(.text)
    TIM8_TRG_COM_TIM14_IRQHandler            0x080001f3   Thumb Code     0  startup_stm32f446xx.o(.text)
    TIM8_UP_TIM13_IRQHandler                 0x080001f3   Thumb Code     0  startup_stm32f446xx.o(.text)
    UART4_IRQHandler                         0x080001f3   Thumb Code     0  startup_stm32f446xx.o(.text)
    UART5_IRQHandler                         0x080001f3   Thumb Code     0  startup_stm32f446xx.o(.text)
    USART1_IRQHandler                        0x080001f3   Thumb Code     0  startup_stm32f446xx.o(.text)
    USART3_IRQHandler                        0x080001f3   Thumb Code     0  startup_stm32f446xx.o(.text)
    USART6_IRQHandler                        0x080001f3   Thumb Code     0  startup_stm32f446xx.o(.text)
    WWDG_IRQHandler                          0x080001f3   Thumb Code     0  startup_stm32f446xx.o(.text)
    __aeabi_memset                           0x080001fd   Thumb Code    14  memseta.o(.text)
    __aeabi_memset4                          0x080001fd   Thumb Code     0  memseta.o(.text)
    __aeabi_memset8                          0x080001fd   Thumb Code     0  memseta.o(.text)
    __aeabi_memclr                           0x0800020b   Thumb Code     4  memseta.o(.text)
    __aeabi_memclr4                          0x0800020b   Thumb Code     0  memseta.o(.text)
    __aeabi_memclr8                          0x0800020b   Thumb Code     0  memseta.o(.text)
    _memset$wrapper                          0x0800020f   Thumb Code    18  memseta.o(.text)
    __scatterload                            0x08000221   Thumb Code    28  init.o(.text)
    __scatterload_rt2                        0x08000221   Thumb Code     0  init.o(.text)
    CRC_DR_RESET                             0x08000245   Thumb Code    20  hal_crc_driver.o(.text.CRC_DR_RESET)
    FLASH_EARSE                              0x08000259   Thumb Code    94  main.o(.text.FLASH_EARSE)
    FLASH_LOCK                               0x080002b9   Thumb Code    20  main.o(.text.FLASH_LOCK)
    FLASH_OPT_LOCK                           0x080002cd   Thumb Code    20  main.o(.text.FLASH_OPT_LOCK)
    FLASH_OPT_UNLOCK                         0x080002e1   Thumb Code    36  main.o(.text.FLASH_OPT_UNLOCK)
    FLASH_PROGRAM_BYTE                       0x08000305   Thumb Code    50  main.o(.text.FLASH_PROGRAM_BYTE)
    FLASH_PROTECTION_Status                  0x08000339   Thumb Code    20  main.o(.text.FLASH_PROTECTION_Status)
    FLASH_RW_PROTECTION                      0x0800034d   Thumb Code   218  main.o(.text.FLASH_RW_PROTECTION)
    FLASH_UNLOCK                             0x08000429   Thumb Code    42  main.o(.text.FLASH_UNLOCK)
    Flash_Mass_earse                         0x08000455   Thumb Code    64  main.o(.text.Flash_Mass_earse)
    Flash_sector_earse                       0x08000495   Thumb Code    80  main.o(.text.Flash_sector_earse)
    Get_WPR                                  0x080004e5   Thumb Code    24  main.o(.text.Get_WPR)
    HAL_BORAD_BUTTON                         0x080004fd   Thumb Code    40  gpio_driver.o(.text.HAL_BORAD_BUTTON)
    HAL_CRC_ACCUMULAT                        0x08000525   Thumb Code    34  hal_crc_driver.o(.text.HAL_CRC_ACCUMULAT)
    HAL_CRC_INIT                             0x08000549   Thumb Code     8  hal_crc_driver.o(.text.HAL_CRC_INIT)
    HAL_CRC_SET_CLK                          0x08000551   Thumb Code    18  hal_crc_driver.o(.text.HAL_CRC_SET_CLK)
    HAL_GPIO_INIT                            0x08000565   Thumb Code    74  gpio_driver.o(.text.HAL_GPIO_INIT)
    HAL_GPIO_read_pin_value                  0x080005b1   Thumb Code    10  gpio_driver.o(.text.HAL_GPIO_read_pin_value)
    HAL_GPIO_seet_alt_function               0x080005bd   Thumb Code    28  gpio_driver.o(.text.HAL_GPIO_seet_alt_function)
    HAL_SET_GPIO_CLK                         0x080005d9   Thumb Code    88  gpio_driver.o(.text.HAL_SET_GPIO_CLK)
    HAL_SET_USART_CLK                        0x08000631   Thumb Code   194  hal_uart_driver.o(.text.HAL_SET_USART_CLK)
    HAL_USART_Disable                        0x080006f5   Thumb Code    10  hal_uart_driver.o(.text.HAL_USART_Disable)
    HAL_USART_ENABLE                         0x08000701   Thumb Code    10  hal_uart_driver.o(.text.HAL_USART_ENABLE)
    HAL_USART_INIT                           0x0800070d   Thumb Code   100  hal_uart_driver.o(.text.HAL_USART_INIT)
    HAL_USART_RECIEVE                        0x08000771   Thumb Code    12  hal_uart_driver.o(.text.HAL_USART_RECIEVE)
    HAL_USART_SEND                           0x0800077d   Thumb Code    12  hal_uart_driver.o(.text.HAL_USART_SEND)
    HAL_USART_SEND_BUFFER                    0x08000789   Thumb Code    32  hal_uart_driver.o(.text.HAL_USART_SEND_BUFFER)
    HAL_USART_SET_PINS                       0x080007a9   Thumb Code   472  hal_uart_driver.o(.text.HAL_USART_SET_PINS)
    HAL_USART_Send_String                    0x08000981   Thumb Code    38  hal_uart_driver.o(.text.HAL_USART_Send_String)
    HAL_USART_set_RX_TX                      0x080009a9   Thumb Code    52  hal_uart_driver.o(.text.HAL_USART_set_RX_TX)
    SystemInit                               0x080009dd   Thumb Code    86  system_stm32f4xx.o(.text.SystemInit)
    UART_INIT                                0x08000a35   Thumb Code    58  main.o(.text.UART_INIT)
    USART2_IRQHandler                        0x08000a71   Thumb Code    16  hal_uart_driver.o(.text.USART2_IRQHandler)
    board_led_init                           0x08000a81   Thumb Code    52  led.o(.text.board_led_init)
    bootloader_get_flash_rdp_level           0x08000ab5   Thumb Code    16  main.o(.text.bootloader_get_flash_rdp_level)
    bootloader_get_mcu_id                    0x08000ac5   Thumb Code    16  main.o(.text.bootloader_get_mcu_id)
    bootloader_handle_dis_rw_protect_cmd     0x08000ad5   Thumb Code   126  main.o(.text.bootloader_handle_dis_rw_protect_cmd)
    bootloader_handle_flash_erase_cmd        0x08000b55   Thumb Code   124  main.o(.text.bootloader_handle_flash_erase_cmd)
    bootloader_handle_getcid_cmd             0x08000bd1   Thumb Code   120  main.o(.text.bootloader_handle_getcid_cmd)
    bootloader_handle_gethelp_cmd            0x08000c49   Thumb Code   110  main.o(.text.bootloader_handle_gethelp_cmd)
    bootloader_handle_getrdp_cmd             0x08000cb9   Thumb Code   120  main.o(.text.bootloader_handle_getrdp_cmd)
    bootloader_handle_getver_cmd             0x08000d31   Thumb Code   188  main.o(.text.bootloader_handle_getver_cmd)
    bootloader_handle_go_cmd                 0x08000ded   Thumb Code   160  main.o(.text.bootloader_handle_go_cmd)
    bootloader_handle_mem_write_cmd          0x08000e8d   Thumb Code   184  main.o(.text.bootloader_handle_mem_write_cmd)
    bootloader_handle_read_sector_cmd        0x08000f45   Thumb Code   120  main.o(.text.bootloader_handle_read_sector_cmd)
    bootloader_handle_rw_protect_cmd         0x08000fbd   Thumb Code   126  main.o(.text.bootloader_handle_rw_protect_cmd)
    bootloader_jump_to_user_app              0x0800103d   Thumb Code    80  main.o(.text.bootloader_jump_to_user_app)
    bootloader_send_ack                      0x0800108d   Thumb Code    30  main.o(.text.bootloader_send_ack)
    bootloader_send_nack                     0x080010ad   Thumb Code    18  main.o(.text.bootloader_send_nack)
    bootloader_uart_read_data                0x080010c1   Thumb Code   240  main.o(.text.bootloader_uart_read_data)
    bootloader_uart_write_data               0x080011b1   Thumb Code    20  main.o(.text.bootloader_uart_write_data)
    bootloader_verify_crc                    0x080011c5   Thumb Code    48  main.o(.text.bootloader_verify_crc)
    check_addr_validation                    0x080011f5   Thumb Code    74  main.o(.text.check_addr_validation)
    main                                     0x08001241   Thumb Code   176  main.o(.text.main)
    mem_write                                0x080012f1   Thumb Code    54  main.o(.text.mem_write)
    __scatterload_copy                       0x08001327   Thumb Code    14  handlers.o(i.__scatterload_copy)
    __scatterload_null                       0x08001335   Thumb Code     2  handlers.o(i.__scatterload_null)
    __scatterload_zeroinit                   0x08001337   Thumb Code    14  handlers.o(i.__scatterload_zeroinit)
    Region$$Table$$Base                      0x08001428   Number         0  anon$$obj.o(Region$$Table)
    Region$$Table$$Limit                     0x08001448   Number         0  anon$$obj.o(Region$$Table)
    CRC1                                     0x20000000   Data           4  hal_crc_driver.o(.data.CRC1)
    FLASH1                                   0x20000004   Data           4  main.o(.data.FLASH1)
    supported_command                        0x20000008   Data          10  main.o(.data.supported_command)
    BL_RX_BUFFER                             0x20000018   Data         200  main.o(.bss.BL_RX_BUFFER)
    bin_buffer                               0x200000e4   Data        2712  main.o(.bss.bin_buffer)
    flah_status                              0x20000b7c   Data           4  main.o(.bss.flah_status)
    uart                                     0x20000b80   Data          24  main.o(.bss.uart)
    __initial_sp                             0x20000f98   Data           0  startup_stm32f446xx.o(STACK)



==============================================================================

Memory Map of the image

  Image Entry point : 0x080001d9

  Load Region LR_1 (Base: 0x08000000, Size: 0x0000145c, Max: 0xffffffff, ABSOLUTE)

    Execution Region ER_RO (Exec base: 0x08000000, Load base: 0x08000000, Size: 0x00001448, Max: 0xffffffff, ABSOLUTE)

    Exec Addr    Load Addr    Size         Type   Attr      Idx    E Section Name        Object

    0x08000000   0x08000000   0x000001c4   Data   RO          242    RESET               startup_stm32f446xx.o
    0x080001c4   0x080001c4   0x00000000   Code   RO          264  * .ARM.Collect$$$$00000000  mc_w.l(entry.o)
    0x080001c4   0x080001c4   0x00000004   Code   RO          269    .ARM.Collect$$$$00000001  mc_w.l(entry2.o)
    0x080001c8   0x080001c8   0x00000004   Code   RO          272    .ARM.Collect$$$$00000004  mc_w.l(entry5.o)
    0x080001cc   0x080001cc   0x00000000   Code   RO          274    .ARM.Collect$$$$00000008  mc_w.l(entry7b.o)
    0x080001cc   0x080001cc   0x00000000   Code   RO          276    .ARM.Collect$$$$0000000A  mc_w.l(entry8b.o)
    0x080001cc   0x080001cc   0x00000008   Code   RO          277    .ARM.Collect$$$$0000000B  mc_w.l(entry9a.o)
    0x080001d4   0x080001d4   0x00000000   Code   RO          279    .ARM.Collect$$$$0000000D  mc_w.l(entry10a.o)
    0x080001d4   0x080001d4   0x00000000   Code   RO          281    .ARM.Collect$$$$0000000F  mc_w.l(entry11a.o)
    0x080001d4   0x080001d4   0x00000004   Code   RO          270    .ARM.Collect$$$$00002712  mc_w.l(entry2.o)
    0x080001d8   0x080001d8   0x00000024   Code   RO          243  * .text               startup_stm32f446xx.o
    0x080001fc   0x080001fc   0x00000024   Code   RO          267    .text               mc_w.l(memseta.o)
    0x08000220   0x08000220   0x00000024   Code   RO          283    .text               mc_w.l(init.o)
    0x08000244   0x08000244   0x00000014   Code   RO          230    .text.CRC_DR_RESET  hal_crc_driver.o
    0x08000258   0x08000258   0x0000005e   Code   RO           50    .text.FLASH_EARSE   main.o
    0x080002b6   0x080002b6   0x00000002   PAD
    0x080002b8   0x080002b8   0x00000014   Code   RO           60    .text.FLASH_LOCK    main.o
    0x080002cc   0x080002cc   0x00000014   Code   RO           70    .text.FLASH_OPT_LOCK  main.o
    0x080002e0   0x080002e0   0x00000024   Code   RO           68    .text.FLASH_OPT_UNLOCK  main.o
    0x08000304   0x08000304   0x00000032   Code   RO           62    .text.FLASH_PROGRAM_BYTE  main.o
    0x08000336   0x08000336   0x00000002   PAD
    0x08000338   0x08000338   0x00000014   Code   RO           56    .text.FLASH_PROTECTION_Status  main.o
    0x0800034c   0x0800034c   0x000000da   Code   RO           54    .text.FLASH_RW_PROTECTION  main.o
    0x08000426   0x08000426   0x00000002   PAD
    0x08000428   0x08000428   0x0000002a   Code   RO           58    .text.FLASH_UNLOCK  main.o
    0x08000452   0x08000452   0x00000002   PAD
    0x08000454   0x08000454   0x00000040   Code   RO           66    .text.Flash_Mass_earse  main.o
    0x08000494   0x08000494   0x00000050   Code   RO           64    .text.Flash_sector_earse  main.o
    0x080004e4   0x080004e4   0x00000018   Code   RO           72    .text.Get_WPR       main.o
    0x080004fc   0x080004fc   0x00000028   Code   RO          115    .text.HAL_BORAD_BUTTON  gpio_driver.o
    0x08000524   0x08000524   0x00000022   Code   RO          226    .text.HAL_CRC_ACCUMULAT  hal_crc_driver.o
    0x08000546   0x08000546   0x00000002   PAD
    0x08000548   0x08000548   0x00000008   Code   RO          222    .text.HAL_CRC_INIT  hal_crc_driver.o
    0x08000550   0x08000550   0x00000012   Code   RO          224    .text.HAL_CRC_SET_CLK  hal_crc_driver.o
    0x08000562   0x08000562   0x00000002   PAD
    0x08000564   0x08000564   0x0000004a   Code   RO           91    .text.HAL_GPIO_INIT  gpio_driver.o
    0x080005ae   0x080005ae   0x00000002   PAD
    0x080005b0   0x080005b0   0x0000000a   Code   RO           97    .text.HAL_GPIO_read_pin_value  gpio_driver.o
    0x080005ba   0x080005ba   0x00000002   PAD
    0x080005bc   0x080005bc   0x0000001c   Code   RO           95    .text.HAL_GPIO_seet_alt_function  gpio_driver.o
    0x080005d8   0x080005d8   0x00000058   Code   RO           93    .text.HAL_SET_GPIO_CLK  gpio_driver.o
    0x08000630   0x08000630   0x000000c2   Code   RO          139    .text.HAL_SET_USART_CLK  hal_uart_driver.o
    0x080006f2   0x080006f2   0x00000002   PAD
    0x080006f4   0x080006f4   0x0000000a   Code   RO          135    .text.HAL_USART_Disable  hal_uart_driver.o
    0x080006fe   0x080006fe   0x00000002   PAD
    0x08000700   0x08000700   0x0000000a   Code   RO          143    .text.HAL_USART_ENABLE  hal_uart_driver.o
    0x0800070a   0x0800070a   0x00000002   PAD
    0x0800070c   0x0800070c   0x00000064   Code   RO          133    .text.HAL_USART_INIT  hal_uart_driver.o
    0x08000770   0x08000770   0x0000000c   Code   RO          147    .text.HAL_USART_RECIEVE  hal_uart_driver.o
    0x0800077c   0x0800077c   0x0000000c   Code   RO          145    .text.HAL_USART_SEND  hal_uart_driver.o
    0x08000788   0x08000788   0x00000020   Code   RO          151    .text.HAL_USART_SEND_BUFFER  hal_uart_driver.o
    0x080007a8   0x080007a8   0x000001d8   Code   RO          137    .text.HAL_USART_SET_PINS  hal_uart_driver.o
    0x08000980   0x08000980   0x00000026   Code   RO          149    .text.HAL_USART_Send_String  hal_uart_driver.o
    0x080009a6   0x080009a6   0x00000002   PAD
    0x080009a8   0x080009a8   0x00000034   Code   RO          141    .text.HAL_USART_set_RX_TX  hal_uart_driver.o
    0x080009dc   0x080009dc   0x00000056   Code   RO          250    .text.SystemInit    system_stm32f4xx.o
    0x08000a32   0x08000a32   0x00000002   PAD
    0x08000a34   0x08000a34   0x0000003a   Code   RO            4    .text.UART_INIT     main.o
    0x08000a6e   0x08000a6e   0x00000002   PAD
    0x08000a70   0x08000a70   0x00000010   Code   RO          161    .text.USART2_IRQHandler  hal_uart_driver.o
    0x08000a80   0x08000a80   0x00000034   Code   RO          206    .text.board_led_init  led.o
    0x08000ab4   0x08000ab4   0x00000010   Code   RO           46    .text.bootloader_get_flash_rdp_level  main.o
    0x08000ac4   0x08000ac4   0x00000010   Code   RO           44    .text.bootloader_get_mcu_id  main.o
    0x08000ad4   0x08000ad4   0x0000007e   Code   RO           26    .text.bootloader_handle_dis_rw_protect_cmd  main.o
    0x08000b52   0x08000b52   0x00000002   PAD
    0x08000b54   0x08000b54   0x0000007c   Code   RO           20    .text.bootloader_handle_flash_erase_cmd  main.o
    0x08000bd0   0x08000bd0   0x00000078   Code   RO           14    .text.bootloader_handle_getcid_cmd  main.o
    0x08000c48   0x08000c48   0x0000006e   Code   RO           12    .text.bootloader_handle_gethelp_cmd  main.o
    0x08000cb6   0x08000cb6   0x00000002   PAD
    0x08000cb8   0x08000cb8   0x00000078   Code   RO           16    .text.bootloader_handle_getrdp_cmd  main.o
    0x08000d30   0x08000d30   0x000000bc   Code   RO           10    .text.bootloader_handle_getver_cmd  main.o
    0x08000dec   0x08000dec   0x000000a0   Code   RO           18    .text.bootloader_handle_go_cmd  main.o
    0x08000e8c   0x08000e8c   0x000000b8   Code   RO           22    .text.bootloader_handle_mem_write_cmd  main.o
    0x08000f44   0x08000f44   0x00000078   Code   RO           30    .text.bootloader_handle_read_sector_cmd  main.o
    0x08000fbc   0x08000fbc   0x0000007e   Code   RO           24    .text.bootloader_handle_rw_protect_cmd  main.o
    0x0800103a   0x0800103a   0x00000002   PAD
    0x0800103c   0x0800103c   0x00000050   Code   RO            8    .text.bootloader_jump_to_user_app  main.o
    0x0800108c   0x0800108c   0x0000001e   Code   RO           36    .text.bootloader_send_ack  main.o
    0x080010aa   0x080010aa   0x00000002   PAD
    0x080010ac   0x080010ac   0x00000012   Code   RO           40    .text.bootloader_send_nack  main.o
    0x080010be   0x080010be   0x00000002   PAD
    0x080010c0   0x080010c0   0x000000f0   Code   RO            6    .text.bootloader_uart_read_data  main.o
    0x080011b0   0x080011b0   0x00000014   Code   RO           42    .text.bootloader_uart_write_data  main.o
    0x080011c4   0x080011c4   0x00000030   Code   RO           34    .text.bootloader_verify_crc  main.o
    0x080011f4   0x080011f4   0x0000004a   Code   RO           48    .text.check_addr_validation  main.o
    0x0800123e   0x0800123e   0x00000002   PAD
    0x08001240   0x08001240   0x000000b0   Code   RO            2    .text.main          main.o
    0x080012f0   0x080012f0   0x00000036   Code   RO           52    .text.mem_write     main.o
    0x08001326   0x08001326   0x0000000e   Code   RO          287    i.__scatterload_copy  mc_w.l(handlers.o)
    0x08001334   0x08001334   0x00000002   Code   RO          288    i.__scatterload_null  mc_w.l(handlers.o)
    0x08001336   0x08001336   0x0000000e   Code   RO          289    i.__scatterload_zeroinit  mc_w.l(handlers.o)
    0x08001344   0x08001344   0x000000e2   Data   RO           79    .rodata.str1.1      main.o
    0x08001426   0x08001426   0x00000002   PAD
    0x08001428   0x08001428   0x00000020   Data   RO          286    Region$$Table       anon$$obj.o


    Execution Region ER_RW (Exec base: 0x20000000, Load base: 0x08001448, Size: 0x00000014, Max: 0xffffffff, ABSOLUTE)

    Exec Addr    Load Addr    Size         Type   Attr      Idx    E Section Name        Object

    0x20000000   0x08001448   0x00000004   Data   RW          232    .data.CRC1          hal_crc_driver.o
    0x20000004   0x0800144c   0x00000004   Data   RW           74    .data.FLASH1        main.o
    0x20000008   0x08001450   0x0000000a   Data   RW           76    .data.supported_command  main.o


    Execution Region ER_ZI (Exec base: 0x20000018, Load base: 0x0800145c, Size: 0x00000f80, Max: 0xffffffff, ABSOLUTE)

    Exec Addr    Load Addr    Size         Type   Attr      Idx    E Section Name        Object

    0x20000018        -       0x000000c8   Zero   RW           78    .bss.BL_RX_BUFFER   main.o
    0x200000e0        -       0x00000004   Zero   RW          173    .bss.USART_CALL_BACK  hal_uart_driver.o
    0x200000e4        -       0x00000a98   Zero   RW           80    .bss.bin_buffer     main.o
    0x20000b7c        -       0x00000004   Zero   RW           75    .bss.flah_status    main.o
    0x20000b80        -       0x00000018   Zero   RW           77    .bss.uart           main.o
    0x20000b98        -       0x00000400   Zero   RW          240    STACK               startup_stm32f446xx.o


==============================================================================

Image component sizes


      Code (inc. data)   RO Data    RW Data    ZI Data      Debug   Object Name

       240         32          0          0          0       8444   gpio_driver.o
        80          0          0          4          0       2670   hal_crc_driver.o
       948          0          0          0          4       9572   hal_uart_driver.o
        52          0          0          0          0       2745   led.o
      2876        300        226         14       2940      12010   main.o
        36          8        452          0       1024        884   startup_stm32f446xx.o
        86          0          0          0          0       2890   system_stm32f4xx.o

    ----------------------------------------------------------------------
      4358        340        712         20       3968      39215   Object Totals
         0          0         32          0          0          0   (incl. Generated)
        40          0          2          2          0          0   (incl. Padding)

    ----------------------------------------------------------------------

      Code (inc. data)   RO Data    RW Data    ZI Data      Debug   Library Member Name

         0          0          0          0          0          0   entry.o
         0          0          0          0          0          0   entry10a.o
         0          0          0          0          0          0   entry11a.o
         8          4          0          0          0          0   entry2.o
         4          0          0          0          0          0   entry5.o
         0          0          0          0          0          0   entry7b.o
         0          0          0          0          0          0   entry8b.o
         8          4          0          0          0          0   entry9a.o
        30          0          0          0          0          0   handlers.o
        36          8          0          0          0         68   init.o
        36          0          0          0          0        108   memseta.o

    ----------------------------------------------------------------------
       122         16          0          0          0        176   Library Totals
         0          0          0          0          0          0   (incl. Padding)

    ----------------------------------------------------------------------

      Code (inc. data)   RO Data    RW Data    ZI Data      Debug   Library Name

       122         16          0          0          0        176   mc_w.l

    ----------------------------------------------------------------------
       122         16          0          0          0        176   Library Totals

    ----------------------------------------------------------------------

==============================================================================


      Code (inc. data)   RO Data    RW Data    ZI Data      Debug   

      4480        356        712         20       3968      39515   Grand Totals
      4480        356        712         20       3968      39515   ELF Image Totals
      4480        356        712         20          0          0   ROM Totals

==============================================================================

    Total RO  Size (Code + RO Data)                 5192 (   5.07kB)
    Total RW  Size (RW Data + ZI Data)              3988 (   3.89kB)
    Total ROM Size (Code + RO Data + RW Data)       5212 (   5.09kB)

==============================================================================

